Archive member included to satisfy reference by file (symbol)

/opt/homebrew/Cellar/avr-gcc@9/9.4.0_1/lib/avr-gcc/9/gcc/avr/9.4.0/avr35/libgcc.a(_udivmodsi4.o)
                              dualMoco.o (__udivmodsi4)
/opt/homebrew/Cellar/avr-gcc@9/9.4.0_1/lib/avr-gcc/9/gcc/avr/9.4.0/avr35/libgcc.a(_exit.o)
                              /opt/homebrew/Cellar/avr-gcc@9/9.4.0_1/lib/avr-gcc/9/gcc/avr/9.4.0/../../../../../../avr/lib/avr35/crtatmega16u2.o (exit)
/opt/homebrew/Cellar/avr-gcc@9/9.4.0_1/lib/avr-gcc/9/gcc/avr/9.4.0/avr35/libgcc.a(_tablejump2.o)
                              LUFA-100807/LUFA/Drivers/USB/HighLevel/DeviceStandardReq.o (__tablejump2__)
/opt/homebrew/Cellar/avr-gcc@9/9.4.0_1/lib/avr-gcc/9/gcc/avr/9.4.0/avr35/libgcc.a(_copy_data.o)
                              dualMoco.o (__do_copy_data)
/opt/homebrew/Cellar/avr-gcc@9/9.4.0_1/lib/avr-gcc/9/gcc/avr/9.4.0/avr35/libgcc.a(_clear_bss.o)
                              dualMoco.o (__do_clear_bss)
/opt/homebrew/Cellar/avr-gcc@9/9.4.0_1/lib/avr-gcc/9/gcc/avr/9.4.0/../../../../../../avr/lib/avr35/libc.a(memcpy_P.o)
                              LUFA-100807/LUFA/Drivers/USB/Class/Device/RNDIS.o (memcpy_P)
/opt/homebrew/Cellar/avr-gcc@9/9.4.0_1/lib/avr-gcc/9/gcc/avr/9.4.0/../../../../../../avr/lib/avr35/libc.a(memcmp.o)
                              LUFA-100807/LUFA/Drivers/USB/Class/Device/HID.o (memcmp)
/opt/homebrew/Cellar/avr-gcc@9/9.4.0_1/lib/avr-gcc/9/gcc/avr/9.4.0/../../../../../../avr/lib/avr35/libc.a(memcpy.o)
                              LUFA-100807/LUFA/Drivers/USB/Class/Device/HID.o (memcpy)
/opt/homebrew/Cellar/avr-gcc@9/9.4.0_1/lib/avr-gcc/9/gcc/avr/9.4.0/../../../../../../avr/lib/avr35/libc.a(memset.o)
                              LUFA-100807/LUFA/Drivers/USB/Class/Device/HID.o (memset)
/opt/homebrew/Cellar/avr-gcc@9/9.4.0_1/lib/avr-gcc/9/gcc/avr/9.4.0/../../../../../../avr/lib/avr35/libatmega16u2.a(eerd_byte.o)
                              LUFA-100807/LUFA/Drivers/USB/LowLevel/Endpoint.o (eeprom_read_byte)
/opt/homebrew/Cellar/avr-gcc@9/9.4.0_1/lib/avr-gcc/9/gcc/avr/9.4.0/../../../../../../avr/lib/avr35/libatmega16u2.a(eeupd_byte.o)
                              LUFA-100807/LUFA/Drivers/USB/LowLevel/Endpoint.o (eeprom_update_byte)

Allocating common symbols
Common symbol       size              file

USB_IsInitialized   0x1               LUFA-100807/LUFA/Drivers/USB/HighLevel/USBTask.o
USB_CurrentlySelfPowered
                    0x1               LUFA-100807/LUFA/Drivers/USB/HighLevel/DeviceStandardReq.o
USB_RemoteWakeupEnabled
                    0x1               LUFA-100807/LUFA/Drivers/USB/HighLevel/DeviceStandardReq.o
PulseMSRemaining    0x3               dualMoco.o
USB_ControlRequest  0x8               LUFA-100807/LUFA/Drivers/USB/HighLevel/USBTask.o
USB_ConfigurationNumber
                    0x1               LUFA-100807/LUFA/Drivers/USB/HighLevel/DeviceStandardReq.o
USARTtoUSB_Buffer   0x85              dualMoco.o
USBtoUSART_Buffer   0x85              dualMoco.o

Discarded input sections

 .data          0x00000000        0x0 /opt/homebrew/Cellar/avr-gcc@9/9.4.0_1/lib/avr-gcc/9/gcc/avr/9.4.0/../../../../../../avr/lib/avr35/crtatmega16u2.o
 .bss           0x00000000        0x0 /opt/homebrew/Cellar/avr-gcc@9/9.4.0_1/lib/avr-gcc/9/gcc/avr/9.4.0/../../../../../../avr/lib/avr35/crtatmega16u2.o
 .text          0x00000000        0x0 dualMoco.o
 .text.EVENT_USB_Device_ControlRequest
                0x00000000        0x2 dualMoco.o
 .text          0x00000000        0x0 Descriptors.o
 .data          0x00000000        0x0 Descriptors.o
 .bss           0x00000000        0x0 Descriptors.o
 .text          0x00000000        0x0 LUFA-100807/LUFA/Drivers/USB/LowLevel/Device.o
 .data          0x00000000        0x0 LUFA-100807/LUFA/Drivers/USB/LowLevel/Device.o
 .bss           0x00000000        0x0 LUFA-100807/LUFA/Drivers/USB/LowLevel/Device.o
 .text.USB_Device_SendRemoteWakeup
                0x00000000       0x2e LUFA-100807/LUFA/Drivers/USB/LowLevel/Device.o
 .debug_info    0x00000000      0x1ad LUFA-100807/LUFA/Drivers/USB/LowLevel/Device.o
 .debug_abbrev  0x00000000       0xcb LUFA-100807/LUFA/Drivers/USB/LowLevel/Device.o
 .debug_aranges
                0x00000000       0x20 LUFA-100807/LUFA/Drivers/USB/LowLevel/Device.o
 .debug_ranges  0x00000000       0x10 LUFA-100807/LUFA/Drivers/USB/LowLevel/Device.o
 .debug_line    0x00000000      0x21f LUFA-100807/LUFA/Drivers/USB/LowLevel/Device.o
 .debug_str     0x00000000      0x2b6 LUFA-100807/LUFA/Drivers/USB/LowLevel/Device.o
 .comment       0x00000000       0x27 LUFA-100807/LUFA/Drivers/USB/LowLevel/Device.o
 .debug_frame   0x00000000       0x24 LUFA-100807/LUFA/Drivers/USB/LowLevel/Device.o
 .text          0x00000000        0x0 LUFA-100807/LUFA/Drivers/USB/LowLevel/Endpoint.o
 .data          0x00000000        0x0 LUFA-100807/LUFA/Drivers/USB/LowLevel/Endpoint.o
 .bss           0x00000000        0x0 LUFA-100807/LUFA/Drivers/USB/LowLevel/Endpoint.o
 .text.Endpoint_Discard_Stream
                0x00000000       0x64 LUFA-100807/LUFA/Drivers/USB/LowLevel/Endpoint.o
 .text.Endpoint_Write_PStream_LE
                0x00000000       0x7a LUFA-100807/LUFA/Drivers/USB/LowLevel/Endpoint.o
 .text.Endpoint_Write_EStream_LE
                0x00000000       0x86 LUFA-100807/LUFA/Drivers/USB/LowLevel/Endpoint.o
 .text.Endpoint_Write_Stream_BE
                0x00000000       0x7e LUFA-100807/LUFA/Drivers/USB/LowLevel/Endpoint.o
 .text.Endpoint_Write_EStream_BE
                0x00000000       0x92 LUFA-100807/LUFA/Drivers/USB/LowLevel/Endpoint.o
 .text.Endpoint_Write_PStream_BE
                0x00000000       0x84 LUFA-100807/LUFA/Drivers/USB/LowLevel/Endpoint.o
 .text.Endpoint_Read_EStream_LE
                0x00000000       0x86 LUFA-100807/LUFA/Drivers/USB/LowLevel/Endpoint.o
 .text.Endpoint_Read_Stream_BE
                0x00000000       0x7e LUFA-100807/LUFA/Drivers/USB/LowLevel/Endpoint.o
 .text.Endpoint_Read_EStream_BE
                0x00000000       0x92 LUFA-100807/LUFA/Drivers/USB/LowLevel/Endpoint.o
 .text.Endpoint_Write_Control_EStream_LE
                0x00000000       0xc2 LUFA-100807/LUFA/Drivers/USB/LowLevel/Endpoint.o
 .text.Endpoint_Write_Control_Stream_BE
                0x00000000       0xb0 LUFA-100807/LUFA/Drivers/USB/LowLevel/Endpoint.o
 .text.Endpoint_Write_Control_PStream_BE
                0x00000000       0xb6 LUFA-100807/LUFA/Drivers/USB/LowLevel/Endpoint.o
 .text.Endpoint_Write_Control_EStream_BE
                0x00000000       0xcc LUFA-100807/LUFA/Drivers/USB/LowLevel/Endpoint.o
 .text.Endpoint_Read_Control_EStream_LE
                0x00000000       0x92 LUFA-100807/LUFA/Drivers/USB/LowLevel/Endpoint.o
 .text.Endpoint_Read_Control_Stream_BE
                0x00000000       0x76 LUFA-100807/LUFA/Drivers/USB/LowLevel/Endpoint.o
 .text.Endpoint_Read_Control_EStream_BE
                0x00000000       0x9c LUFA-100807/LUFA/Drivers/USB/LowLevel/Endpoint.o
 .text          0x00000000        0x0 LUFA-100807/LUFA/Drivers/USB/LowLevel/Host.o
 .data          0x00000000        0x0 LUFA-100807/LUFA/Drivers/USB/LowLevel/Host.o
 .bss           0x00000000        0x0 LUFA-100807/LUFA/Drivers/USB/LowLevel/Host.o
 .debug_line    0x00000000        0x0 LUFA-100807/LUFA/Drivers/USB/LowLevel/Host.o
 .debug_str     0x00000000      0x13e LUFA-100807/LUFA/Drivers/USB/LowLevel/Host.o
 .comment       0x00000000       0x27 LUFA-100807/LUFA/Drivers/USB/LowLevel/Host.o
 .text          0x00000000        0x0 LUFA-100807/LUFA/Drivers/USB/LowLevel/Pipe.o
 .data          0x00000000        0x0 LUFA-100807/LUFA/Drivers/USB/LowLevel/Pipe.o
 .bss           0x00000000        0x0 LUFA-100807/LUFA/Drivers/USB/LowLevel/Pipe.o
 .debug_line    0x00000000        0x0 LUFA-100807/LUFA/Drivers/USB/LowLevel/Pipe.o
 .debug_str     0x00000000      0x13e LUFA-100807/LUFA/Drivers/USB/LowLevel/Pipe.o
 .comment       0x00000000       0x27 LUFA-100807/LUFA/Drivers/USB/LowLevel/Pipe.o
 .text          0x00000000        0x0 LUFA-100807/LUFA/Drivers/USB/LowLevel/USBController.o
 .data          0x00000000        0x0 LUFA-100807/LUFA/Drivers/USB/LowLevel/USBController.o
 .bss           0x00000000        0x0 LUFA-100807/LUFA/Drivers/USB/LowLevel/USBController.o
 .text.USB_ShutDown
                0x00000000       0x32 LUFA-100807/LUFA/Drivers/USB/LowLevel/USBController.o
 .text          0x00000000        0x0 LUFA-100807/LUFA/Drivers/USB/LowLevel/USBInterrupt.o
 .data          0x00000000        0x0 LUFA-100807/LUFA/Drivers/USB/LowLevel/USBInterrupt.o
 .bss           0x00000000        0x0 LUFA-100807/LUFA/Drivers/USB/LowLevel/USBInterrupt.o
 .text          0x00000000        0x0 LUFA-100807/LUFA/Drivers/USB/HighLevel/ConfigDescriptor.o
 .data          0x00000000        0x0 LUFA-100807/LUFA/Drivers/USB/HighLevel/ConfigDescriptor.o
 .bss           0x00000000        0x0 LUFA-100807/LUFA/Drivers/USB/HighLevel/ConfigDescriptor.o
 .text.USB_GetNextDescriptorOfType
                0x00000000       0x42 LUFA-100807/LUFA/Drivers/USB/HighLevel/ConfigDescriptor.o
 .text.USB_GetNextDescriptorOfTypeBefore
                0x00000000       0x4a LUFA-100807/LUFA/Drivers/USB/HighLevel/ConfigDescriptor.o
 .text.USB_GetNextDescriptorOfTypeAfter
                0x00000000       0x3e LUFA-100807/LUFA/Drivers/USB/HighLevel/ConfigDescriptor.o
 .text.USB_GetNextDescriptorComp
                0x00000000       0x7c LUFA-100807/LUFA/Drivers/USB/HighLevel/ConfigDescriptor.o
 .debug_info    0x00000000      0x4ff LUFA-100807/LUFA/Drivers/USB/HighLevel/ConfigDescriptor.o
 .debug_abbrev  0x00000000      0x1e0 LUFA-100807/LUFA/Drivers/USB/HighLevel/ConfigDescriptor.o
 .debug_loc     0x00000000      0x529 LUFA-100807/LUFA/Drivers/USB/HighLevel/ConfigDescriptor.o
 .debug_aranges
                0x00000000       0x38 LUFA-100807/LUFA/Drivers/USB/HighLevel/ConfigDescriptor.o
 .debug_ranges  0x00000000       0x28 LUFA-100807/LUFA/Drivers/USB/HighLevel/ConfigDescriptor.o
 .debug_line    0x00000000      0x469 LUFA-100807/LUFA/Drivers/USB/HighLevel/ConfigDescriptor.o
 .debug_str     0x00000000      0x49b LUFA-100807/LUFA/Drivers/USB/HighLevel/ConfigDescriptor.o
 .comment       0x00000000       0x27 LUFA-100807/LUFA/Drivers/USB/HighLevel/ConfigDescriptor.o
 .debug_frame   0x00000000       0xbc LUFA-100807/LUFA/Drivers/USB/HighLevel/ConfigDescriptor.o
 .text          0x00000000        0x0 LUFA-100807/LUFA/Drivers/USB/HighLevel/DeviceStandardReq.o
 .data          0x00000000        0x0 LUFA-100807/LUFA/Drivers/USB/HighLevel/DeviceStandardReq.o
 .bss           0x00000000        0x0 LUFA-100807/LUFA/Drivers/USB/HighLevel/DeviceStandardReq.o
 .text          0x00000000        0x0 LUFA-100807/LUFA/Drivers/USB/HighLevel/Events.o
 .data          0x00000000        0x0 LUFA-100807/LUFA/Drivers/USB/HighLevel/Events.o
 .bss           0x00000000        0x0 LUFA-100807/LUFA/Drivers/USB/HighLevel/Events.o
 .text          0x00000000        0x0 LUFA-100807/LUFA/Drivers/USB/HighLevel/HostStandardReq.o
 .data          0x00000000        0x0 LUFA-100807/LUFA/Drivers/USB/HighLevel/HostStandardReq.o
 .bss           0x00000000        0x0 LUFA-100807/LUFA/Drivers/USB/HighLevel/HostStandardReq.o
 .debug_line    0x00000000        0x0 LUFA-100807/LUFA/Drivers/USB/HighLevel/HostStandardReq.o
 .debug_str     0x00000000      0x14a LUFA-100807/LUFA/Drivers/USB/HighLevel/HostStandardReq.o
 .comment       0x00000000       0x27 LUFA-100807/LUFA/Drivers/USB/HighLevel/HostStandardReq.o
 .text          0x00000000        0x0 LUFA-100807/LUFA/Drivers/USB/HighLevel/USBTask.o
 .data          0x00000000        0x0 LUFA-100807/LUFA/Drivers/USB/HighLevel/USBTask.o
 .bss           0x00000000        0x0 LUFA-100807/LUFA/Drivers/USB/HighLevel/USBTask.o
 .text          0x00000000        0x0 LUFA-100807/LUFA/Drivers/USB/Class/Host/HIDParser.o
 .data          0x00000000        0x0 LUFA-100807/LUFA/Drivers/USB/Class/Host/HIDParser.o
 .bss           0x00000000        0x0 LUFA-100807/LUFA/Drivers/USB/Class/Host/HIDParser.o
 .debug_line    0x00000000        0x0 LUFA-100807/LUFA/Drivers/USB/Class/Host/HIDParser.o
 .debug_str     0x00000000      0x145 LUFA-100807/LUFA/Drivers/USB/Class/Host/HIDParser.o
 .comment       0x00000000       0x27 LUFA-100807/LUFA/Drivers/USB/Class/Host/HIDParser.o
 .text          0x00000000        0x0 LUFA-100807/LUFA/Drivers/USB/Class/Device/Audio.o
 .data          0x00000000        0x0 LUFA-100807/LUFA/Drivers/USB/Class/Device/Audio.o
 .bss           0x00000000        0x0 LUFA-100807/LUFA/Drivers/USB/Class/Device/Audio.o
 .text.Audio_Device_ProcessControlRequest
                0x00000000       0x48 LUFA-100807/LUFA/Drivers/USB/Class/Device/Audio.o
 .text.Audio_Device_ConfigureEndpoints
                0x00000000       0x52 LUFA-100807/LUFA/Drivers/USB/Class/Device/Audio.o
 .debug_info    0x00000000      0x4e9 LUFA-100807/LUFA/Drivers/USB/Class/Device/Audio.o
 .debug_abbrev  0x00000000      0x1e8 LUFA-100807/LUFA/Drivers/USB/Class/Device/Audio.o
 .debug_loc     0x00000000      0x1f3 LUFA-100807/LUFA/Drivers/USB/Class/Device/Audio.o
 .debug_aranges
                0x00000000       0x28 LUFA-100807/LUFA/Drivers/USB/Class/Device/Audio.o
 .debug_ranges  0x00000000       0x30 LUFA-100807/LUFA/Drivers/USB/Class/Device/Audio.o
 .debug_line    0x00000000      0x393 LUFA-100807/LUFA/Drivers/USB/Class/Device/Audio.o
 .debug_str     0x00000000      0x55f LUFA-100807/LUFA/Drivers/USB/Class/Device/Audio.o
 .comment       0x00000000       0x27 LUFA-100807/LUFA/Drivers/USB/Class/Device/Audio.o
 .debug_frame   0x00000000       0x44 LUFA-100807/LUFA/Drivers/USB/Class/Device/Audio.o
 .text          0x00000000        0x0 LUFA-100807/LUFA/Drivers/USB/Class/Device/CDC.o
 .data          0x00000000        0x0 LUFA-100807/LUFA/Drivers/USB/Class/Device/CDC.o
 .bss           0x00000000        0x0 LUFA-100807/LUFA/Drivers/USB/Class/Device/CDC.o
 .text.CDC_Device_SendString
                0x00000000       0x3a LUFA-100807/LUFA/Drivers/USB/Class/Device/CDC.o
 .text.CDC_Device_putchar
                0x00000000       0x22 LUFA-100807/LUFA/Drivers/USB/Class/Device/CDC.o
 .text.CDC_Device_BytesReceived
                0x00000000       0x48 LUFA-100807/LUFA/Drivers/USB/Class/Device/CDC.o
 .text.CDC_Device_getchar
                0x00000000       0x14 LUFA-100807/LUFA/Drivers/USB/Class/Device/CDC.o
 .text.CDC_Device_getchar_Blocking
                0x00000000       0x32 LUFA-100807/LUFA/Drivers/USB/Class/Device/CDC.o
 .rodata        0x00000000        0x8 LUFA-100807/LUFA/Drivers/USB/Class/Device/CDC.o
 .text.CDC_Device_SendControlLineStateChange
                0x00000000       0x8a LUFA-100807/LUFA/Drivers/USB/Class/Device/CDC.o
 .text.CDC_Device_CreateStream
                0x00000000       0x26 LUFA-100807/LUFA/Drivers/USB/Class/Device/CDC.o
 .text.CDC_Device_CreateBlockingStream
                0x00000000       0x26 LUFA-100807/LUFA/Drivers/USB/Class/Device/CDC.o
 .text          0x00000000        0x0 LUFA-100807/LUFA/Drivers/USB/Class/Device/HID.o
 .data          0x00000000        0x0 LUFA-100807/LUFA/Drivers/USB/Class/Device/HID.o
 .bss           0x00000000        0x0 LUFA-100807/LUFA/Drivers/USB/Class/Device/HID.o
 .text.HID_Device_ProcessControlRequest
                0x00000000      0x24c LUFA-100807/LUFA/Drivers/USB/Class/Device/HID.o
 .text.HID_Device_ConfigureEndpoints
                0x00000000       0x3a LUFA-100807/LUFA/Drivers/USB/Class/Device/HID.o
 .text.HID_Device_USBTask
                0x00000000      0x15a LUFA-100807/LUFA/Drivers/USB/Class/Device/HID.o
 .debug_info    0x00000000      0xa5b LUFA-100807/LUFA/Drivers/USB/Class/Device/HID.o
 .debug_abbrev  0x00000000      0x272 LUFA-100807/LUFA/Drivers/USB/Class/Device/HID.o
 .debug_loc     0x00000000      0x456 LUFA-100807/LUFA/Drivers/USB/Class/Device/HID.o
 .debug_aranges
                0x00000000       0x30 LUFA-100807/LUFA/Drivers/USB/Class/Device/HID.o
 .debug_ranges  0x00000000       0x38 LUFA-100807/LUFA/Drivers/USB/Class/Device/HID.o
 .debug_line    0x00000000      0x99f LUFA-100807/LUFA/Drivers/USB/Class/Device/HID.o
 .debug_str     0x00000000      0x784 LUFA-100807/LUFA/Drivers/USB/Class/Device/HID.o
 .comment       0x00000000       0x27 LUFA-100807/LUFA/Drivers/USB/Class/Device/HID.o
 .debug_frame   0x00000000       0xc8 LUFA-100807/LUFA/Drivers/USB/Class/Device/HID.o
 .text          0x00000000        0x0 LUFA-100807/LUFA/Drivers/USB/Class/Device/MassStorage.o
 .data          0x00000000        0x0 LUFA-100807/LUFA/Drivers/USB/Class/Device/MassStorage.o
 .bss           0x00000000        0x2 LUFA-100807/LUFA/Drivers/USB/Class/Device/MassStorage.o
 .text.StreamCallback_MS_Device_AbortOnMassStoreReset
                0x00000000        0xc LUFA-100807/LUFA/Drivers/USB/Class/Device/MassStorage.o
 .text.MS_Device_ProcessControlRequest
                0x00000000       0x68 LUFA-100807/LUFA/Drivers/USB/Class/Device/MassStorage.o
 .text.MS_Device_ConfigureEndpoints
                0x00000000       0x70 LUFA-100807/LUFA/Drivers/USB/Class/Device/MassStorage.o
 .text.MS_Device_USBTask
                0x00000000      0x1d4 LUFA-100807/LUFA/Drivers/USB/Class/Device/MassStorage.o
 .debug_info    0x00000000      0xb6f LUFA-100807/LUFA/Drivers/USB/Class/Device/MassStorage.o
 .debug_abbrev  0x00000000      0x2e8 LUFA-100807/LUFA/Drivers/USB/Class/Device/MassStorage.o
 .debug_loc     0x00000000      0x3c2 LUFA-100807/LUFA/Drivers/USB/Class/Device/MassStorage.o
 .debug_aranges
                0x00000000       0x38 LUFA-100807/LUFA/Drivers/USB/Class/Device/MassStorage.o
 .debug_ranges  0x00000000       0x58 LUFA-100807/LUFA/Drivers/USB/Class/Device/MassStorage.o
 .debug_line    0x00000000      0xb33 LUFA-100807/LUFA/Drivers/USB/Class/Device/MassStorage.o
 .debug_str     0x00000000      0x88a LUFA-100807/LUFA/Drivers/USB/Class/Device/MassStorage.o
 .comment       0x00000000       0x27 LUFA-100807/LUFA/Drivers/USB/Class/Device/MassStorage.o
 .debug_frame   0x00000000       0x7c LUFA-100807/LUFA/Drivers/USB/Class/Device/MassStorage.o
 .text          0x00000000        0x0 LUFA-100807/LUFA/Drivers/USB/Class/Device/MIDI.o
 .data          0x00000000        0x0 LUFA-100807/LUFA/Drivers/USB/Class/Device/MIDI.o
 .bss           0x00000000        0x0 LUFA-100807/LUFA/Drivers/USB/Class/Device/MIDI.o
 .text          0x00000000        0x0 LUFA-100807/LUFA/Drivers/USB/Class/Device/RNDIS.o
 .data          0x00000000        0x0 LUFA-100807/LUFA/Drivers/USB/Class/Device/RNDIS.o
 .bss           0x00000000        0x0 LUFA-100807/LUFA/Drivers/USB/Class/Device/RNDIS.o
 .text.RNDIS_Device_ProcessControlRequest
                0x00000000      0x474 LUFA-100807/LUFA/Drivers/USB/Class/Device/RNDIS.o
 .jumptables.gcc.RNDIS_Device_ProcessControlRequest
                0x00000000       0x28 LUFA-100807/LUFA/Drivers/USB/Class/Device/RNDIS.o
 .text.RNDIS_Device_ConfigureEndpoints
                0x00000000       0x9a LUFA-100807/LUFA/Drivers/USB/Class/Device/RNDIS.o
 .rodata        0x00000000        0x8 LUFA-100807/LUFA/Drivers/USB/Class/Device/RNDIS.o
 .text.RNDIS_Device_USBTask
                0x00000000      0x1d6 LUFA-100807/LUFA/Drivers/USB/Class/Device/RNDIS.o
 .progmem.data  0x00000000       0x6c LUFA-100807/LUFA/Drivers/USB/Class/Device/RNDIS.o
 .debug_info    0x00000000     0x1338 LUFA-100807/LUFA/Drivers/USB/Class/Device/RNDIS.o
 .debug_abbrev  0x00000000      0x36f LUFA-100807/LUFA/Drivers/USB/Class/Device/RNDIS.o
 .debug_loc     0x00000000      0xedf LUFA-100807/LUFA/Drivers/USB/Class/Device/RNDIS.o
 .debug_aranges
                0x00000000       0x30 LUFA-100807/LUFA/Drivers/USB/Class/Device/RNDIS.o
 .debug_ranges  0x00000000       0xa8 LUFA-100807/LUFA/Drivers/USB/Class/Device/RNDIS.o
 .debug_line    0x00000000      0xf2b LUFA-100807/LUFA/Drivers/USB/Class/Device/RNDIS.o
 .debug_str     0x00000000      0xc8c LUFA-100807/LUFA/Drivers/USB/Class/Device/RNDIS.o
 .comment       0x00000000       0x27 LUFA-100807/LUFA/Drivers/USB/Class/Device/RNDIS.o
 .debug_frame   0x00000000       0x90 LUFA-100807/LUFA/Drivers/USB/Class/Device/RNDIS.o
 .text          0x00000000        0x0 LUFA-100807/LUFA/Drivers/USB/Class/Host/CDC.o
 .data          0x00000000        0x0 LUFA-100807/LUFA/Drivers/USB/Class/Host/CDC.o
 .bss           0x00000000        0x0 LUFA-100807/LUFA/Drivers/USB/Class/Host/CDC.o
 .debug_line    0x00000000        0x0 LUFA-100807/LUFA/Drivers/USB/Class/Host/CDC.o
 .debug_str     0x00000000      0x13f LUFA-100807/LUFA/Drivers/USB/Class/Host/CDC.o
 .comment       0x00000000       0x27 LUFA-100807/LUFA/Drivers/USB/Class/Host/CDC.o
 .text          0x00000000        0x0 LUFA-100807/LUFA/Drivers/USB/Class/Host/HID.o
 .data          0x00000000        0x0 LUFA-100807/LUFA/Drivers/USB/Class/Host/HID.o
 .bss           0x00000000        0x0 LUFA-100807/LUFA/Drivers/USB/Class/Host/HID.o
 .debug_line    0x00000000        0x0 LUFA-100807/LUFA/Drivers/USB/Class/Host/HID.o
 .debug_str     0x00000000      0x13f LUFA-100807/LUFA/Drivers/USB/Class/Host/HID.o
 .comment       0x00000000       0x27 LUFA-100807/LUFA/Drivers/USB/Class/Host/HID.o
 .text          0x00000000        0x0 LUFA-100807/LUFA/Drivers/USB/Class/Host/MassStorage.o
 .data          0x00000000        0x0 LUFA-100807/LUFA/Drivers/USB/Class/Host/MassStorage.o
 .bss           0x00000000        0x0 LUFA-100807/LUFA/Drivers/USB/Class/Host/MassStorage.o
 .debug_line    0x00000000        0x0 LUFA-100807/LUFA/Drivers/USB/Class/Host/MassStorage.o
 .debug_str     0x00000000      0x147 LUFA-100807/LUFA/Drivers/USB/Class/Host/MassStorage.o
 .comment       0x00000000       0x27 LUFA-100807/LUFA/Drivers/USB/Class/Host/MassStorage.o
 .text          0x00000000        0x0 LUFA-100807/LUFA/Drivers/USB/Class/Host/MIDI.o
 .data          0x00000000        0x0 LUFA-100807/LUFA/Drivers/USB/Class/Host/MIDI.o
 .bss           0x00000000        0x0 LUFA-100807/LUFA/Drivers/USB/Class/Host/MIDI.o
 .debug_line    0x00000000        0x0 LUFA-100807/LUFA/Drivers/USB/Class/Host/MIDI.o
 .debug_str     0x00000000      0x140 LUFA-100807/LUFA/Drivers/USB/Class/Host/MIDI.o
 .comment       0x00000000       0x27 LUFA-100807/LUFA/Drivers/USB/Class/Host/MIDI.o
 .text          0x00000000        0x0 LUFA-100807/LUFA/Drivers/USB/Class/Host/Printer.o
 .data          0x00000000        0x0 LUFA-100807/LUFA/Drivers/USB/Class/Host/Printer.o
 .bss           0x00000000        0x0 LUFA-100807/LUFA/Drivers/USB/Class/Host/Printer.o
 .debug_line    0x00000000        0x0 LUFA-100807/LUFA/Drivers/USB/Class/Host/Printer.o
 .debug_str     0x00000000      0x143 LUFA-100807/LUFA/Drivers/USB/Class/Host/Printer.o
 .comment       0x00000000       0x27 LUFA-100807/LUFA/Drivers/USB/Class/Host/Printer.o
 .text          0x00000000        0x0 LUFA-100807/LUFA/Drivers/USB/Class/Host/RNDIS.o
 .data          0x00000000        0x0 LUFA-100807/LUFA/Drivers/USB/Class/Host/RNDIS.o
 .bss           0x00000000        0x0 LUFA-100807/LUFA/Drivers/USB/Class/Host/RNDIS.o
 .debug_line    0x00000000        0x0 LUFA-100807/LUFA/Drivers/USB/Class/Host/RNDIS.o
 .debug_str     0x00000000      0x141 LUFA-100807/LUFA/Drivers/USB/Class/Host/RNDIS.o
 .comment       0x00000000       0x27 LUFA-100807/LUFA/Drivers/USB/Class/Host/RNDIS.o
 .text          0x00000000        0x0 LUFA-100807/LUFA/Drivers/USB/Class/Host/StillImage.o
 .data          0x00000000        0x0 LUFA-100807/LUFA/Drivers/USB/Class/Host/StillImage.o
 .bss           0x00000000        0x0 LUFA-100807/LUFA/Drivers/USB/Class/Host/StillImage.o
 .debug_line    0x00000000        0x0 LUFA-100807/LUFA/Drivers/USB/Class/Host/StillImage.o
 .debug_str     0x00000000      0x146 LUFA-100807/LUFA/Drivers/USB/Class/Host/StillImage.o
 .comment       0x00000000       0x27 LUFA-100807/LUFA/Drivers/USB/Class/Host/StillImage.o
 .text          0x00000000        0x0 /opt/homebrew/Cellar/avr-gcc@9/9.4.0_1/lib/avr-gcc/9/gcc/avr/9.4.0/avr35/libgcc.a(_udivmodsi4.o)
 .data          0x00000000        0x0 /opt/homebrew/Cellar/avr-gcc@9/9.4.0_1/lib/avr-gcc/9/gcc/avr/9.4.0/avr35/libgcc.a(_udivmodsi4.o)
 .bss           0x00000000        0x0 /opt/homebrew/Cellar/avr-gcc@9/9.4.0_1/lib/avr-gcc/9/gcc/avr/9.4.0/avr35/libgcc.a(_udivmodsi4.o)
 .text.libgcc.mul
                0x00000000        0x0 /opt/homebrew/Cellar/avr-gcc@9/9.4.0_1/lib/avr-gcc/9/gcc/avr/9.4.0/avr35/libgcc.a(_udivmodsi4.o)
 .text.libgcc   0x00000000        0x0 /opt/homebrew/Cellar/avr-gcc@9/9.4.0_1/lib/avr-gcc/9/gcc/avr/9.4.0/avr35/libgcc.a(_udivmodsi4.o)
 .text.libgcc.prologue
                0x00000000        0x0 /opt/homebrew/Cellar/avr-gcc@9/9.4.0_1/lib/avr-gcc/9/gcc/avr/9.4.0/avr35/libgcc.a(_udivmodsi4.o)
 .text.libgcc.builtins
                0x00000000        0x0 /opt/homebrew/Cellar/avr-gcc@9/9.4.0_1/lib/avr-gcc/9/gcc/avr/9.4.0/avr35/libgcc.a(_udivmodsi4.o)
 .text.libgcc.fmul
                0x00000000        0x0 /opt/homebrew/Cellar/avr-gcc@9/9.4.0_1/lib/avr-gcc/9/gcc/avr/9.4.0/avr35/libgcc.a(_udivmodsi4.o)
 .text.libgcc.fixed
                0x00000000        0x0 /opt/homebrew/Cellar/avr-gcc@9/9.4.0_1/lib/avr-gcc/9/gcc/avr/9.4.0/avr35/libgcc.a(_udivmodsi4.o)
 .text          0x00000000        0x0 /opt/homebrew/Cellar/avr-gcc@9/9.4.0_1/lib/avr-gcc/9/gcc/avr/9.4.0/avr35/libgcc.a(_exit.o)
 .data          0x00000000        0x0 /opt/homebrew/Cellar/avr-gcc@9/9.4.0_1/lib/avr-gcc/9/gcc/avr/9.4.0/avr35/libgcc.a(_exit.o)
 .bss           0x00000000        0x0 /opt/homebrew/Cellar/avr-gcc@9/9.4.0_1/lib/avr-gcc/9/gcc/avr/9.4.0/avr35/libgcc.a(_exit.o)
 .text.libgcc.mul
                0x00000000        0x0 /opt/homebrew/Cellar/avr-gcc@9/9.4.0_1/lib/avr-gcc/9/gcc/avr/9.4.0/avr35/libgcc.a(_exit.o)
 .text.libgcc.div
                0x00000000        0x0 /opt/homebrew/Cellar/avr-gcc@9/9.4.0_1/lib/avr-gcc/9/gcc/avr/9.4.0/avr35/libgcc.a(_exit.o)
 .text.libgcc   0x00000000        0x0 /opt/homebrew/Cellar/avr-gcc@9/9.4.0_1/lib/avr-gcc/9/gcc/avr/9.4.0/avr35/libgcc.a(_exit.o)
 .text.libgcc.prologue
                0x00000000        0x0 /opt/homebrew/Cellar/avr-gcc@9/9.4.0_1/lib/avr-gcc/9/gcc/avr/9.4.0/avr35/libgcc.a(_exit.o)
 .text.libgcc.builtins
                0x00000000        0x0 /opt/homebrew/Cellar/avr-gcc@9/9.4.0_1/lib/avr-gcc/9/gcc/avr/9.4.0/avr35/libgcc.a(_exit.o)
 .text.libgcc.fmul
                0x00000000        0x0 /opt/homebrew/Cellar/avr-gcc@9/9.4.0_1/lib/avr-gcc/9/gcc/avr/9.4.0/avr35/libgcc.a(_exit.o)
 .text.libgcc.fixed
                0x00000000        0x0 /opt/homebrew/Cellar/avr-gcc@9/9.4.0_1/lib/avr-gcc/9/gcc/avr/9.4.0/avr35/libgcc.a(_exit.o)
 .text          0x00000000        0x0 /opt/homebrew/Cellar/avr-gcc@9/9.4.0_1/lib/avr-gcc/9/gcc/avr/9.4.0/avr35/libgcc.a(_tablejump2.o)
 .data          0x00000000        0x0 /opt/homebrew/Cellar/avr-gcc@9/9.4.0_1/lib/avr-gcc/9/gcc/avr/9.4.0/avr35/libgcc.a(_tablejump2.o)
 .bss           0x00000000        0x0 /opt/homebrew/Cellar/avr-gcc@9/9.4.0_1/lib/avr-gcc/9/gcc/avr/9.4.0/avr35/libgcc.a(_tablejump2.o)
 .text.libgcc.mul
                0x00000000        0x0 /opt/homebrew/Cellar/avr-gcc@9/9.4.0_1/lib/avr-gcc/9/gcc/avr/9.4.0/avr35/libgcc.a(_tablejump2.o)
 .text.libgcc.div
                0x00000000        0x0 /opt/homebrew/Cellar/avr-gcc@9/9.4.0_1/lib/avr-gcc/9/gcc/avr/9.4.0/avr35/libgcc.a(_tablejump2.o)
 .text.libgcc.prologue
                0x00000000        0x0 /opt/homebrew/Cellar/avr-gcc@9/9.4.0_1/lib/avr-gcc/9/gcc/avr/9.4.0/avr35/libgcc.a(_tablejump2.o)
 .text.libgcc.builtins
                0x00000000        0x0 /opt/homebrew/Cellar/avr-gcc@9/9.4.0_1/lib/avr-gcc/9/gcc/avr/9.4.0/avr35/libgcc.a(_tablejump2.o)
 .text.libgcc.fmul
                0x00000000        0x0 /opt/homebrew/Cellar/avr-gcc@9/9.4.0_1/lib/avr-gcc/9/gcc/avr/9.4.0/avr35/libgcc.a(_tablejump2.o)
 .text.libgcc.fixed
                0x00000000        0x0 /opt/homebrew/Cellar/avr-gcc@9/9.4.0_1/lib/avr-gcc/9/gcc/avr/9.4.0/avr35/libgcc.a(_tablejump2.o)
 .text          0x00000000        0x0 /opt/homebrew/Cellar/avr-gcc@9/9.4.0_1/lib/avr-gcc/9/gcc/avr/9.4.0/avr35/libgcc.a(_copy_data.o)
 .data          0x00000000        0x0 /opt/homebrew/Cellar/avr-gcc@9/9.4.0_1/lib/avr-gcc/9/gcc/avr/9.4.0/avr35/libgcc.a(_copy_data.o)
 .bss           0x00000000        0x0 /opt/homebrew/Cellar/avr-gcc@9/9.4.0_1/lib/avr-gcc/9/gcc/avr/9.4.0/avr35/libgcc.a(_copy_data.o)
 .text.libgcc.mul
                0x00000000        0x0 /opt/homebrew/Cellar/avr-gcc@9/9.4.0_1/lib/avr-gcc/9/gcc/avr/9.4.0/avr35/libgcc.a(_copy_data.o)
 .text.libgcc.div
                0x00000000        0x0 /opt/homebrew/Cellar/avr-gcc@9/9.4.0_1/lib/avr-gcc/9/gcc/avr/9.4.0/avr35/libgcc.a(_copy_data.o)
 .text.libgcc   0x00000000        0x0 /opt/homebrew/Cellar/avr-gcc@9/9.4.0_1/lib/avr-gcc/9/gcc/avr/9.4.0/avr35/libgcc.a(_copy_data.o)
 .text.libgcc.prologue
                0x00000000        0x0 /opt/homebrew/Cellar/avr-gcc@9/9.4.0_1/lib/avr-gcc/9/gcc/avr/9.4.0/avr35/libgcc.a(_copy_data.o)
 .text.libgcc.builtins
                0x00000000        0x0 /opt/homebrew/Cellar/avr-gcc@9/9.4.0_1/lib/avr-gcc/9/gcc/avr/9.4.0/avr35/libgcc.a(_copy_data.o)
 .text.libgcc.fmul
                0x00000000        0x0 /opt/homebrew/Cellar/avr-gcc@9/9.4.0_1/lib/avr-gcc/9/gcc/avr/9.4.0/avr35/libgcc.a(_copy_data.o)
 .text.libgcc.fixed
                0x00000000        0x0 /opt/homebrew/Cellar/avr-gcc@9/9.4.0_1/lib/avr-gcc/9/gcc/avr/9.4.0/avr35/libgcc.a(_copy_data.o)
 .text          0x00000000        0x0 /opt/homebrew/Cellar/avr-gcc@9/9.4.0_1/lib/avr-gcc/9/gcc/avr/9.4.0/avr35/libgcc.a(_clear_bss.o)
 .data          0x00000000        0x0 /opt/homebrew/Cellar/avr-gcc@9/9.4.0_1/lib/avr-gcc/9/gcc/avr/9.4.0/avr35/libgcc.a(_clear_bss.o)
 .bss           0x00000000        0x0 /opt/homebrew/Cellar/avr-gcc@9/9.4.0_1/lib/avr-gcc/9/gcc/avr/9.4.0/avr35/libgcc.a(_clear_bss.o)
 .text.libgcc.mul
                0x00000000        0x0 /opt/homebrew/Cellar/avr-gcc@9/9.4.0_1/lib/avr-gcc/9/gcc/avr/9.4.0/avr35/libgcc.a(_clear_bss.o)
 .text.libgcc.div
                0x00000000        0x0 /opt/homebrew/Cellar/avr-gcc@9/9.4.0_1/lib/avr-gcc/9/gcc/avr/9.4.0/avr35/libgcc.a(_clear_bss.o)
 .text.libgcc   0x00000000        0x0 /opt/homebrew/Cellar/avr-gcc@9/9.4.0_1/lib/avr-gcc/9/gcc/avr/9.4.0/avr35/libgcc.a(_clear_bss.o)
 .text.libgcc.prologue
                0x00000000        0x0 /opt/homebrew/Cellar/avr-gcc@9/9.4.0_1/lib/avr-gcc/9/gcc/avr/9.4.0/avr35/libgcc.a(_clear_bss.o)
 .text.libgcc.builtins
                0x00000000        0x0 /opt/homebrew/Cellar/avr-gcc@9/9.4.0_1/lib/avr-gcc/9/gcc/avr/9.4.0/avr35/libgcc.a(_clear_bss.o)
 .text.libgcc.fmul
                0x00000000        0x0 /opt/homebrew/Cellar/avr-gcc@9/9.4.0_1/lib/avr-gcc/9/gcc/avr/9.4.0/avr35/libgcc.a(_clear_bss.o)
 .text.libgcc.fixed
                0x00000000        0x0 /opt/homebrew/Cellar/avr-gcc@9/9.4.0_1/lib/avr-gcc/9/gcc/avr/9.4.0/avr35/libgcc.a(_clear_bss.o)
 .text          0x00000000        0x0 /opt/homebrew/Cellar/avr-gcc@9/9.4.0_1/lib/avr-gcc/9/gcc/avr/9.4.0/../../../../../../avr/lib/avr35/libc.a(memcpy_P.o)
 .data          0x00000000        0x0 /opt/homebrew/Cellar/avr-gcc@9/9.4.0_1/lib/avr-gcc/9/gcc/avr/9.4.0/../../../../../../avr/lib/avr35/libc.a(memcpy_P.o)
 .bss           0x00000000        0x0 /opt/homebrew/Cellar/avr-gcc@9/9.4.0_1/lib/avr-gcc/9/gcc/avr/9.4.0/../../../../../../avr/lib/avr35/libc.a(memcpy_P.o)
 .text.avr-libc
                0x00000000       0x12 /opt/homebrew/Cellar/avr-gcc@9/9.4.0_1/lib/avr-gcc/9/gcc/avr/9.4.0/../../../../../../avr/lib/avr35/libc.a(memcpy_P.o)
 .text          0x00000000        0x0 /opt/homebrew/Cellar/avr-gcc@9/9.4.0_1/lib/avr-gcc/9/gcc/avr/9.4.0/../../../../../../avr/lib/avr35/libc.a(memcmp.o)
 .data          0x00000000        0x0 /opt/homebrew/Cellar/avr-gcc@9/9.4.0_1/lib/avr-gcc/9/gcc/avr/9.4.0/../../../../../../avr/lib/avr35/libc.a(memcmp.o)
 .bss           0x00000000        0x0 /opt/homebrew/Cellar/avr-gcc@9/9.4.0_1/lib/avr-gcc/9/gcc/avr/9.4.0/../../../../../../avr/lib/avr35/libc.a(memcmp.o)
 .text.avr-libc
                0x00000000       0x1a /opt/homebrew/Cellar/avr-gcc@9/9.4.0_1/lib/avr-gcc/9/gcc/avr/9.4.0/../../../../../../avr/lib/avr35/libc.a(memcmp.o)
 .text          0x00000000        0x0 /opt/homebrew/Cellar/avr-gcc@9/9.4.0_1/lib/avr-gcc/9/gcc/avr/9.4.0/../../../../../../avr/lib/avr35/libc.a(memcpy.o)
 .data          0x00000000        0x0 /opt/homebrew/Cellar/avr-gcc@9/9.4.0_1/lib/avr-gcc/9/gcc/avr/9.4.0/../../../../../../avr/lib/avr35/libc.a(memcpy.o)
 .bss           0x00000000        0x0 /opt/homebrew/Cellar/avr-gcc@9/9.4.0_1/lib/avr-gcc/9/gcc/avr/9.4.0/../../../../../../avr/lib/avr35/libc.a(memcpy.o)
 .text.avr-libc
                0x00000000       0x12 /opt/homebrew/Cellar/avr-gcc@9/9.4.0_1/lib/avr-gcc/9/gcc/avr/9.4.0/../../../../../../avr/lib/avr35/libc.a(memcpy.o)
 .text          0x00000000        0x0 /opt/homebrew/Cellar/avr-gcc@9/9.4.0_1/lib/avr-gcc/9/gcc/avr/9.4.0/../../../../../../avr/lib/avr35/libc.a(memset.o)
 .data          0x00000000        0x0 /opt/homebrew/Cellar/avr-gcc@9/9.4.0_1/lib/avr-gcc/9/gcc/avr/9.4.0/../../../../../../avr/lib/avr35/libc.a(memset.o)
 .bss           0x00000000        0x0 /opt/homebrew/Cellar/avr-gcc@9/9.4.0_1/lib/avr-gcc/9/gcc/avr/9.4.0/../../../../../../avr/lib/avr35/libc.a(memset.o)
 .text.avr-libc
                0x00000000        0xe /opt/homebrew/Cellar/avr-gcc@9/9.4.0_1/lib/avr-gcc/9/gcc/avr/9.4.0/../../../../../../avr/lib/avr35/libc.a(memset.o)
 .text          0x00000000        0x0 /opt/homebrew/Cellar/avr-gcc@9/9.4.0_1/lib/avr-gcc/9/gcc/avr/9.4.0/../../../../../../avr/lib/avr35/libatmega16u2.a(eerd_byte.o)
 .data          0x00000000        0x0 /opt/homebrew/Cellar/avr-gcc@9/9.4.0_1/lib/avr-gcc/9/gcc/avr/9.4.0/../../../../../../avr/lib/avr35/libatmega16u2.a(eerd_byte.o)
 .bss           0x00000000        0x0 /opt/homebrew/Cellar/avr-gcc@9/9.4.0_1/lib/avr-gcc/9/gcc/avr/9.4.0/../../../../../../avr/lib/avr35/libatmega16u2.a(eerd_byte.o)
 .text.avr-libc
                0x00000000       0x10 /opt/homebrew/Cellar/avr-gcc@9/9.4.0_1/lib/avr-gcc/9/gcc/avr/9.4.0/../../../../../../avr/lib/avr35/libatmega16u2.a(eerd_byte.o)
 .text          0x00000000        0x0 /opt/homebrew/Cellar/avr-gcc@9/9.4.0_1/lib/avr-gcc/9/gcc/avr/9.4.0/../../../../../../avr/lib/avr35/libatmega16u2.a(eeupd_byte.o)
 .data          0x00000000        0x0 /opt/homebrew/Cellar/avr-gcc@9/9.4.0_1/lib/avr-gcc/9/gcc/avr/9.4.0/../../../../../../avr/lib/avr35/libatmega16u2.a(eeupd_byte.o)
 .bss           0x00000000        0x0 /opt/homebrew/Cellar/avr-gcc@9/9.4.0_1/lib/avr-gcc/9/gcc/avr/9.4.0/../../../../../../avr/lib/avr35/libatmega16u2.a(eeupd_byte.o)
 .text.avr-libc
                0x00000000       0x24 /opt/homebrew/Cellar/avr-gcc@9/9.4.0_1/lib/avr-gcc/9/gcc/avr/9.4.0/../../../../../../avr/lib/avr35/libatmega16u2.a(eeupd_byte.o)

Memory Configuration

Name             Origin             Length             Attributes
text             0x00000000         0x00010000         xr
data             0x00800060         0x0000ffa0         rw!x
eeprom           0x00810000         0x00010000         rw!x
fuse             0x00820000         0x00000003         rw!x
lock             0x00830000         0x00000400         rw!x
signature        0x00840000         0x00000400         rw!x
user_signatures  0x00850000         0x00000400         rw!x
*default*        0x00000000         0xffffffff

Linker script and memory map

Address of section .data set to 0x800100
LOAD /opt/homebrew/Cellar/avr-gcc@9/9.4.0_1/lib/avr-gcc/9/gcc/avr/9.4.0/../../../../../../avr/lib/avr35/crtatmega16u2.o
LOAD dualMoco.o
LOAD Descriptors.o
LOAD LUFA-100807/LUFA/Drivers/USB/LowLevel/Device.o
LOAD LUFA-100807/LUFA/Drivers/USB/LowLevel/Endpoint.o
LOAD LUFA-100807/LUFA/Drivers/USB/LowLevel/Host.o
LOAD LUFA-100807/LUFA/Drivers/USB/LowLevel/Pipe.o
LOAD LUFA-100807/LUFA/Drivers/USB/LowLevel/USBController.o
LOAD LUFA-100807/LUFA/Drivers/USB/LowLevel/USBInterrupt.o
LOAD LUFA-100807/LUFA/Drivers/USB/HighLevel/ConfigDescriptor.o
LOAD LUFA-100807/LUFA/Drivers/USB/HighLevel/DeviceStandardReq.o
LOAD LUFA-100807/LUFA/Drivers/USB/HighLevel/Events.o
LOAD LUFA-100807/LUFA/Drivers/USB/HighLevel/HostStandardReq.o
LOAD LUFA-100807/LUFA/Drivers/USB/HighLevel/USBTask.o
LOAD LUFA-100807/LUFA/Drivers/USB/Class/Host/HIDParser.o
LOAD LUFA-100807/LUFA/Drivers/USB/Class/Device/Audio.o
LOAD LUFA-100807/LUFA/Drivers/USB/Class/Device/CDC.o
LOAD LUFA-100807/LUFA/Drivers/USB/Class/Device/HID.o
LOAD LUFA-100807/LUFA/Drivers/USB/Class/Device/MassStorage.o
LOAD LUFA-100807/LUFA/Drivers/USB/Class/Device/MIDI.o
LOAD LUFA-100807/LUFA/Drivers/USB/Class/Device/RNDIS.o
LOAD LUFA-100807/LUFA/Drivers/USB/Class/Host/CDC.o
LOAD LUFA-100807/LUFA/Drivers/USB/Class/Host/HID.o
LOAD LUFA-100807/LUFA/Drivers/USB/Class/Host/MassStorage.o
LOAD LUFA-100807/LUFA/Drivers/USB/Class/Host/MIDI.o
LOAD LUFA-100807/LUFA/Drivers/USB/Class/Host/Printer.o
LOAD LUFA-100807/LUFA/Drivers/USB/Class/Host/RNDIS.o
LOAD LUFA-100807/LUFA/Drivers/USB/Class/Host/StillImage.o
LOAD /opt/homebrew/Cellar/avr-gcc@9/9.4.0_1/lib/avr-gcc/9/gcc/avr/9.4.0/../../../../../../avr/lib/avr35/libm.a
START GROUP
LOAD /opt/homebrew/Cellar/avr-gcc@9/9.4.0_1/lib/avr-gcc/9/gcc/avr/9.4.0/avr35/libgcc.a
LOAD /opt/homebrew/Cellar/avr-gcc@9/9.4.0_1/lib/avr-gcc/9/gcc/avr/9.4.0/../../../../../../avr/lib/avr35/libm.a
LOAD /opt/homebrew/Cellar/avr-gcc@9/9.4.0_1/lib/avr-gcc/9/gcc/avr/9.4.0/../../../../../../avr/lib/avr35/libc.a
LOAD /opt/homebrew/Cellar/avr-gcc@9/9.4.0_1/lib/avr-gcc/9/gcc/avr/9.4.0/../../../../../../avr/lib/avr35/libatmega16u2.a
END GROUP
                0x00000000                        __TEXT_REGION_ORIGIN__ = DEFINED (__TEXT_REGION_ORIGIN__)?__TEXT_REGION_ORIGIN__:0x0
                0x00010000                        __TEXT_REGION_LENGTH__ = DEFINED (__TEXT_REGION_LENGTH__)?__TEXT_REGION_LENGTH__:0x10000
                0x00800060                        __DATA_REGION_ORIGIN__ = DEFINED (__DATA_REGION_ORIGIN__)?__DATA_REGION_ORIGIN__:0x800060
                0x0000ffa0                        __DATA_REGION_LENGTH__ = DEFINED (__DATA_REGION_LENGTH__)?__DATA_REGION_LENGTH__:0xffa0
                0x00010000                        __EEPROM_REGION_LENGTH__ = DEFINED (__EEPROM_REGION_LENGTH__)?__EEPROM_REGION_LENGTH__:0x10000
                [0x00000003]                      __FUSE_REGION_LENGTH__ = DEFINED (__FUSE_REGION_LENGTH__)?__FUSE_REGION_LENGTH__:0x400
                0x00000400                        __LOCK_REGION_LENGTH__ = DEFINED (__LOCK_REGION_LENGTH__)?__LOCK_REGION_LENGTH__:0x400
                0x00000400                        __SIGNATURE_REGION_LENGTH__ = DEFINED (__SIGNATURE_REGION_LENGTH__)?__SIGNATURE_REGION_LENGTH__:0x400
                0x00000400                        __USER_SIGNATURE_REGION_LENGTH__ = DEFINED (__USER_SIGNATURE_REGION_LENGTH__)?__USER_SIGNATURE_REGION_LENGTH__:0x400

.hash
 *(.hash)

.dynsym
 *(.dynsym)

.dynstr
 *(.dynstr)

.gnu.version
 *(.gnu.version)

.gnu.version_d
 *(.gnu.version_d)

.gnu.version_r
 *(.gnu.version_r)

.rel.init
 *(.rel.init)

.rela.init
 *(.rela.init)

.rel.text
 *(.rel.text)
 *(.rel.text.*)
 *(.rel.gnu.linkonce.t*)

.rela.text
 *(.rela.text)
 *(.rela.text.*)
 *(.rela.gnu.linkonce.t*)

.rel.fini
 *(.rel.fini)

.rela.fini
 *(.rela.fini)

.rel.rodata
 *(.rel.rodata)
 *(.rel.rodata.*)
 *(.rel.gnu.linkonce.r*)

.rela.rodata
 *(.rela.rodata)
 *(.rela.rodata.*)
 *(.rela.gnu.linkonce.r*)

.rel.data
 *(.rel.data)
 *(.rel.data.*)
 *(.rel.gnu.linkonce.d*)

.rela.data
 *(.rela.data)
 *(.rela.data.*)
 *(.rela.gnu.linkonce.d*)

.rel.ctors
 *(.rel.ctors)

.rela.ctors
 *(.rela.ctors)

.rel.dtors
 *(.rel.dtors)

.rela.dtors
 *(.rela.dtors)

.rel.got
 *(.rel.got)

.rela.got
 *(.rela.got)

.rel.bss
 *(.rel.bss)

.rela.bss
 *(.rela.bss)

.rel.plt
 *(.rel.plt)

.rela.plt
 *(.rela.plt)

.text           0x00000000     0x1558
 *(.vectors)
 .vectors       0x00000000       0x74 /opt/homebrew/Cellar/avr-gcc@9/9.4.0_1/lib/avr-gcc/9/gcc/avr/9.4.0/../../../../../../avr/lib/avr35/crtatmega16u2.o
                0x00000000                __vectors
                0x00000000                __vector_default
 *(.vectors)
 *(.progmem.gcc*)
                0x00000074                        . = ALIGN (0x2)
                0x00000074                        __trampolines_start = .
 *(.trampolines)
 .trampolines   0x00000074        0x0 linker stubs
 *(.trampolines*)
                0x00000074                        __trampolines_end = .
 *libprintf_flt.a:*(.progmem.data)
 *libc.a:*(.progmem.data)
 *(.progmem.*)
 .progmem.data  0x00000074      0x143 Descriptors.o
                0x00000074                ProductStringMIDI
                0x0000007e                ProductStringSerial
                0x00000096                ManufacturerStringMIDI
                0x000000ba                ManufacturerStringSerial
                0x000000ec                LanguageString
                0x000000f0                ConfigurationDescriptorMIDI
                0x00000155                ConfigurationDescriptorSerial
                0x00000193                DeviceDescriptorMIDI
                0x000001a5                DeviceDescriptorSerial
                0x000001b8                        . = ALIGN (0x2)
 *fill*         0x000001b7        0x1 
 *(.lowtext)
 *(.lowtext*)
                0x000001b8                        __ctors_start = .
 *(.ctors)
                0x000001b8                        __ctors_end = .
                0x000001b8                        __dtors_start = .
 *(.dtors)
                0x000001b8                        __dtors_end = .
 SORT_BY_NAME(*)(.ctors)
 SORT_BY_NAME(*)(.dtors)
 *(.init0)
 .init0         0x000001b8        0x0 /opt/homebrew/Cellar/avr-gcc@9/9.4.0_1/lib/avr-gcc/9/gcc/avr/9.4.0/../../../../../../avr/lib/avr35/crtatmega16u2.o
                0x000001b8                __init
 *(.init0)
 *(.init1)
 *(.init1)
 *(.init2)
 .init2         0x000001b8        0xc /opt/homebrew/Cellar/avr-gcc@9/9.4.0_1/lib/avr-gcc/9/gcc/avr/9.4.0/../../../../../../avr/lib/avr35/crtatmega16u2.o
 *(.init2)
 *(.init3)
 *(.init3)
 *(.init4)
 .init4         0x000001c4       0x16 /opt/homebrew/Cellar/avr-gcc@9/9.4.0_1/lib/avr-gcc/9/gcc/avr/9.4.0/avr35/libgcc.a(_copy_data.o)
                0x000001c4                __do_copy_data
 .init4         0x000001da       0x10 /opt/homebrew/Cellar/avr-gcc@9/9.4.0_1/lib/avr-gcc/9/gcc/avr/9.4.0/avr35/libgcc.a(_clear_bss.o)
                0x000001da                __do_clear_bss
 *(.init4)
 *(.init5)
 *(.init5)
 *(.init6)
 *(.init6)
 *(.init7)
 *(.init7)
 *(.init8)
 *(.init8)
 *(.init9)
 .init9         0x000001ea        0x6 /opt/homebrew/Cellar/avr-gcc@9/9.4.0_1/lib/avr-gcc/9/gcc/avr/9.4.0/../../../../../../avr/lib/avr35/crtatmega16u2.o
 *(.init9)
 *(.text)
 .text          0x000001f0        0x2 /opt/homebrew/Cellar/avr-gcc@9/9.4.0_1/lib/avr-gcc/9/gcc/avr/9.4.0/../../../../../../avr/lib/avr35/crtatmega16u2.o
                0x000001f0                __vector_20
                0x000001f0                __vector_28
                0x000001f0                __vector_1
                0x000001f0                __vector_24
                0x000001f0                __bad_interrupt
                0x000001f0                __vector_6
                0x000001f0                __vector_3
                0x000001f0                __vector_25
                0x000001f0                __vector_13
                0x000001f0                __vector_17
                0x000001f0                __vector_19
                0x000001f0                __vector_7
                0x000001f0                __vector_27
                0x000001f0                __vector_5
                0x000001f0                __vector_4
                0x000001f0                __vector_9
                0x000001f0                __vector_2
                0x000001f0                __vector_21
                0x000001f0                __vector_15
                0x000001f0                __vector_8
                0x000001f0                __vector_26
                0x000001f0                __vector_14
                0x000001f0                __vector_10
                0x000001f0                __vector_16
                0x000001f0                __vector_18
                0x000001f0                __vector_22
                0x000001f2                        . = ALIGN (0x2)
 *(.text.*)
 .text.RingBuffer_Remove
                0x000001f2       0x3a dualMoco.o
 .text.parseUSBMidiMessage
                0x0000022c       0x6a dualMoco.o
                0x0000022c                parseUSBMidiMessage
 .text.parseSerialMidiMessage
                0x00000296       0xe0 dualMoco.o
                0x00000296                parseSerialMidiMessage
 .text.processMIDI
                0x00000376      0x108 dualMoco.o
                0x00000376                processMIDI
 .text.processSerial
                0x0000047e      0x12c dualMoco.o
                0x0000047e                processSerial
 .text.SetupHardware
                0x000005aa       0x92 dualMoco.o
                0x000005aa                SetupHardware
 .text.startup.main
                0x0000063c        0xe dualMoco.o
                0x0000063c                main
 .text.EVENT_USB_Device_Connect
                0x0000064a        0x2 dualMoco.o
                0x0000064a                EVENT_USB_Device_Connect
 .text.EVENT_USB_Device_Disconnect
                0x0000064c        0x2 dualMoco.o
                0x0000064c                EVENT_USB_Device_Disconnect
 .text.EVENT_USB_Device_ConfigurationChanged
                0x0000064e       0x14 dualMoco.o
                0x0000064e                EVENT_USB_Device_ConfigurationChanged
 .text.EVENT_USB_Device_UnhandledControlRequest
                0x00000662       0x10 dualMoco.o
                0x00000662                EVENT_USB_Device_UnhandledControlRequest
 .text.EVENT_CDC_Device_LineEncodingChanged
                0x00000672      0x10c dualMoco.o
                0x00000672                EVENT_CDC_Device_LineEncodingChanged
 .text.__vector_23
                0x0000077e       0x76 dualMoco.o
                0x0000077e                __vector_23
 .text.EVENT_CDC_Device_ControLineStateChanged
                0x000007f4       0x10 dualMoco.o
                0x000007f4                EVENT_CDC_Device_ControLineStateChanged
 .text.CALLBACK_USB_GetDescriptor
                0x00000804       0xd8 Descriptors.o
                0x00000804                CALLBACK_USB_GetDescriptor
 .text.Endpoint_BytesToEPSizeMaskDynamic
                0x000008dc       0x1c LUFA-100807/LUFA/Drivers/USB/LowLevel/Endpoint.o
                0x000008dc                Endpoint_BytesToEPSizeMaskDynamic
 .text.Endpoint_ConfigureEndpoint_Prv
                0x000008f8       0x26 LUFA-100807/LUFA/Drivers/USB/LowLevel/Endpoint.o
                0x000008f8                Endpoint_ConfigureEndpoint_Prv
 .text.Endpoint_ClearEndpoints
                0x0000091e       0x28 LUFA-100807/LUFA/Drivers/USB/LowLevel/Endpoint.o
                0x0000091e                Endpoint_ClearEndpoints
 .text.Endpoint_ClearStatusStage
                0x00000946       0x3a LUFA-100807/LUFA/Drivers/USB/LowLevel/Endpoint.o
                0x00000946                Endpoint_ClearStatusStage
 .text.Endpoint_WaitUntilReady
                0x00000980       0x5c LUFA-100807/LUFA/Drivers/USB/LowLevel/Endpoint.o
                0x00000980                Endpoint_WaitUntilReady
 .text.Endpoint_Write_Stream_LE
                0x000009dc       0x76 LUFA-100807/LUFA/Drivers/USB/LowLevel/Endpoint.o
                0x000009dc                Endpoint_Write_Stream_LE
 .text.Endpoint_Read_Stream_LE
                0x00000a52       0x76 LUFA-100807/LUFA/Drivers/USB/LowLevel/Endpoint.o
                0x00000a52                Endpoint_Read_Stream_LE
 .text.Endpoint_Write_Control_Stream_LE
                0x00000ac8       0xaa LUFA-100807/LUFA/Drivers/USB/LowLevel/Endpoint.o
                0x00000ac8                Endpoint_Write_Control_Stream_LE
 .text.Endpoint_Write_Control_PStream_LE
                0x00000b72       0xac LUFA-100807/LUFA/Drivers/USB/LowLevel/Endpoint.o
                0x00000b72                Endpoint_Write_Control_PStream_LE
 .text.Endpoint_Read_Control_Stream_LE
                0x00000c1e       0x70 LUFA-100807/LUFA/Drivers/USB/LowLevel/Endpoint.o
                0x00000c1e                Endpoint_Read_Control_Stream_LE
 .text.USB_ResetInterface
                0x00000c8e       0x7c LUFA-100807/LUFA/Drivers/USB/LowLevel/USBController.o
                0x00000c8e                USB_ResetInterface
 .text.USB_Init
                0x00000d0a        0xa LUFA-100807/LUFA/Drivers/USB/LowLevel/USBController.o
                0x00000d0a                USB_Init
 .text.USB_INT_DisableAllInterrupts
                0x00000d14        0x6 LUFA-100807/LUFA/Drivers/USB/LowLevel/USBInterrupt.o
                0x00000d14                USB_INT_DisableAllInterrupts
 .text.USB_INT_ClearAllInterrupts
                0x00000d1a        0x6 LUFA-100807/LUFA/Drivers/USB/LowLevel/USBInterrupt.o
                0x00000d1a                USB_INT_ClearAllInterrupts
 .text.__vector_11
                0x00000d20      0x14e LUFA-100807/LUFA/Drivers/USB/LowLevel/USBInterrupt.o
                0x00000d20                __vector_11
 .text.__vector_12
                0x00000e6e       0x82 LUFA-100807/LUFA/Drivers/USB/LowLevel/USBInterrupt.o
                0x00000e6e                __vector_12
 .text.USB_Device_ProcessControlRequest
                0x00000ef0      0x26e LUFA-100807/LUFA/Drivers/USB/HighLevel/DeviceStandardReq.o
                0x00000ef0                USB_Device_ProcessControlRequest
 .text.USB_Event_Stub
                0x0000115e        0x2 LUFA-100807/LUFA/Drivers/USB/HighLevel/Events.o
                0x0000115e                EVENT_USB_Device_WakeUp
                0x0000115e                USB_Event_Stub
                0x0000115e                EVENT_USB_Device_Suspend
                0x0000115e                EVENT_USB_Device_StartOfFrame
                0x0000115e                EVENT_USB_Device_Reset
 .text.USB_USBTask
                0x00001160       0x22 LUFA-100807/LUFA/Drivers/USB/HighLevel/USBTask.o
                0x00001160                USB_USBTask
 .text.CDC_Device_Event_Stub
                0x00001182        0x2 LUFA-100807/LUFA/Drivers/USB/Class/Device/CDC.o
                0x00001182                EVENT_CDC_Device_BreakSent
                0x00001182                CDC_Device_Event_Stub
 .text.CDC_Device_ProcessControlRequest
                0x00001184       0xcc LUFA-100807/LUFA/Drivers/USB/Class/Device/CDC.o
                0x00001184                CDC_Device_ProcessControlRequest
 .text.CDC_Device_ConfigureEndpoints
                0x00001250       0x88 LUFA-100807/LUFA/Drivers/USB/Class/Device/CDC.o
                0x00001250                CDC_Device_ConfigureEndpoints
 .text.CDC_Device_SendByte
                0x000012d8       0x4a LUFA-100807/LUFA/Drivers/USB/Class/Device/CDC.o
                0x000012d8                CDC_Device_SendByte
 .text.CDC_Device_Flush
                0x00001322       0x52 LUFA-100807/LUFA/Drivers/USB/Class/Device/CDC.o
                0x00001322                CDC_Device_Flush
 .text.CDC_Device_USBTask
                0x00001374       0x1e LUFA-100807/LUFA/Drivers/USB/Class/Device/CDC.o
                0x00001374                CDC_Device_USBTask
 .text.CDC_Device_ReceiveByte
                0x00001392       0x54 LUFA-100807/LUFA/Drivers/USB/Class/Device/CDC.o
                0x00001392                CDC_Device_ReceiveByte
 .text.MIDI_Device_ConfigureEndpoints
                0x000013e6       0x62 LUFA-100807/LUFA/Drivers/USB/Class/Device/MIDI.o
                0x000013e6                MIDI_Device_ConfigureEndpoints
 .text.MIDI_Device_SendEventPacket
                0x00001448       0x46 LUFA-100807/LUFA/Drivers/USB/Class/Device/MIDI.o
                0x00001448                MIDI_Device_SendEventPacket
 .text.MIDI_Device_Flush
                0x0000148e       0x26 LUFA-100807/LUFA/Drivers/USB/Class/Device/MIDI.o
                0x0000148e                MIDI_Device_Flush
 .text.MIDI_Device_ReceiveEventPacket
                0x000014b4       0x3c LUFA-100807/LUFA/Drivers/USB/Class/Device/MIDI.o
                0x000014b4                MIDI_Device_ReceiveEventPacket
 .text.libgcc.div
                0x000014f0       0x44 /opt/homebrew/Cellar/avr-gcc@9/9.4.0_1/lib/avr-gcc/9/gcc/avr/9.4.0/avr35/libgcc.a(_udivmodsi4.o)
                0x000014f0                __udivmodsi4
 .text.libgcc   0x00001534        0xc /opt/homebrew/Cellar/avr-gcc@9/9.4.0_1/lib/avr-gcc/9/gcc/avr/9.4.0/avr35/libgcc.a(_tablejump2.o)
                0x00001534                __tablejump2__
                0x00001540                        . = ALIGN (0x2)
 *(.fini9)
 .fini9         0x00001540        0x0 /opt/homebrew/Cellar/avr-gcc@9/9.4.0_1/lib/avr-gcc/9/gcc/avr/9.4.0/avr35/libgcc.a(_exit.o)
                0x00001540                exit
                0x00001540                _exit
 *(.fini9)
 *(.fini8)
 *(.fini8)
 *(.fini7)
 *(.fini7)
 *(.fini6)
 *(.fini6)
 *(.fini5)
 *(.fini5)
 *(.fini4)
 *(.fini4)
 *(.fini3)
 *(.fini3)
 *(.fini2)
 *(.fini2)
 *(.fini1)
 *(.fini1)
 *(.fini0)
 .fini0         0x00001540        0x4 /opt/homebrew/Cellar/avr-gcc@9/9.4.0_1/lib/avr-gcc/9/gcc/avr/9.4.0/avr35/libgcc.a(_exit.o)
 *(.fini0)
 *(.hightext)
 *(.hightext*)
 *(.progmemx.*)
                0x00001544                        . = ALIGN (0x2)
 *(.jumptables)
 *(.jumptables*)
 .jumptables.gcc.USB_Device_ProcessControlRequest
                0x00001544       0x14 LUFA-100807/LUFA/Drivers/USB/HighLevel/DeviceStandardReq.o
                0x00001558                        _etext = .

.data           0x00800100       0x32 load address 0x00001558
                0x00800100                        PROVIDE (__data_start = .)
 *(.data)
 .data          0x00800100       0x21 dualMoco.o
                0x00800101                Keyboard_MIDI_Interface
                0x0080010a                VirtualSerial_CDC_Interface
                0x00800120                mocoMode
 *(.data*)
 *(.gnu.linkonce.d*)
 *(.rodata)
 .rodata        0x00800121       0x10 dualMoco.o
 *(.rodata*)
 *(.gnu.linkonce.r*)
                0x00800132                        . = ALIGN (0x2)
 *fill*         0x00800131        0x1 
                0x00800132                        _edata = .
                0x00800132                        PROVIDE (__data_end = .)

.bss            0x00800132      0x150
                0x00800132                        PROVIDE (__bss_start = .)
 *(.bss)
 .bss           0x00800132       0x37 dualMoco.o
                0x00800132                highSpeed
 *(.bss*)
 *(COMMON)
 COMMON         0x00800169      0x10d dualMoco.o
                0x00800169                PulseMSRemaining
                0x0080016c                USARTtoUSB_Buffer
                0x008001f1                USBtoUSART_Buffer
 COMMON         0x00800276        0x3 LUFA-100807/LUFA/Drivers/USB/HighLevel/DeviceStandardReq.o
                0x00800276                USB_CurrentlySelfPowered
                0x00800277                USB_RemoteWakeupEnabled
                0x00800278                USB_ConfigurationNumber
 COMMON         0x00800279        0x9 LUFA-100807/LUFA/Drivers/USB/HighLevel/USBTask.o
                0x00800279                USB_IsInitialized
                0x0080027a                USB_ControlRequest
                0x00800282                        PROVIDE (__bss_end = .)
                0x00001558                        __data_load_start = LOADADDR (.data)
                0x0000158a                        __data_load_end = (__data_load_start + SIZEOF (.data))

.noinit         0x00800282        0x0
                [!provide]                        PROVIDE (__noinit_start = .)
 *(.noinit .noinit.* .gnu.linkonce.n.*)
                [!provide]                        PROVIDE (__noinit_end = .)
                0x00800282                        _end = .
                [!provide]                        PROVIDE (__heap_start = .)
                0x00000000                        __flmap_init_label = DEFINED (__flmap_noinit_start)?__flmap_noinit_start:0x0
                0x00000000                        __flmap = DEFINED (__flmap)?__flmap:0x0

.eeprom         0x00810000        0x0
 *(.eeprom*)
                0x00810000                        __eeprom_end = .

.fuse
 *(.fuse)
 *(.lfuse)
 *(.hfuse)
 *(.efuse)

.lock
 *(.lock*)

.signature
 *(.signature*)

.stab
 *(.stab)

.stabstr
 *(.stabstr)

.stab.excl
 *(.stab.excl)

.stab.exclstr
 *(.stab.exclstr)

.stab.index
 *(.stab.index)

.stab.indexstr
 *(.stab.indexstr)

.comment        0x00000000       0x26
 *(.comment)
 .comment       0x00000000       0x26 dualMoco.o
                                 0x27 (size before relaxing)
 .comment       0x00000026       0x27 Descriptors.o
 .comment       0x00000026       0x27 LUFA-100807/LUFA/Drivers/USB/LowLevel/Endpoint.o
 .comment       0x00000026       0x27 LUFA-100807/LUFA/Drivers/USB/LowLevel/USBController.o
 .comment       0x00000026       0x27 LUFA-100807/LUFA/Drivers/USB/LowLevel/USBInterrupt.o
 .comment       0x00000026       0x27 LUFA-100807/LUFA/Drivers/USB/HighLevel/DeviceStandardReq.o
 .comment       0x00000026       0x27 LUFA-100807/LUFA/Drivers/USB/HighLevel/Events.o
 .comment       0x00000026       0x27 LUFA-100807/LUFA/Drivers/USB/HighLevel/USBTask.o
 .comment       0x00000026       0x27 LUFA-100807/LUFA/Drivers/USB/Class/Device/CDC.o
 .comment       0x00000026       0x27 LUFA-100807/LUFA/Drivers/USB/Class/Device/MIDI.o

.note.gnu.avr.deviceinfo
                0x00000000       0x40
 .note.gnu.avr.deviceinfo
                0x00000000       0x40 /opt/homebrew/Cellar/avr-gcc@9/9.4.0_1/lib/avr-gcc/9/gcc/avr/9.4.0/../../../../../../avr/lib/avr35/crtatmega16u2.o

.gnu.build.attributes
 *(.gnu.build.attributes .gnu.build.attributes.*)

.note.gnu.build-id
 *(.note.gnu.build-id)

.debug
 *(.debug)

.line
 *(.line)

.debug_srcinfo
 *(.debug_srcinfo)

.debug_sfnames
 *(.debug_sfnames)

.debug_aranges  0x00000000      0x3b8
 *(.debug_aranges)
 .debug_aranges
                0x00000000       0x80 dualMoco.o
 .debug_aranges
                0x00000080       0x20 Descriptors.o
 .debug_aranges
                0x000000a0       0xe8 LUFA-100807/LUFA/Drivers/USB/LowLevel/Endpoint.o
 .debug_aranges
                0x00000188       0x30 LUFA-100807/LUFA/Drivers/USB/LowLevel/USBController.o
 .debug_aranges
                0x000001b8       0x38 LUFA-100807/LUFA/Drivers/USB/LowLevel/USBInterrupt.o
 .debug_aranges
                0x000001f0       0x20 LUFA-100807/LUFA/Drivers/USB/HighLevel/DeviceStandardReq.o
 .debug_aranges
                0x00000210       0x20 LUFA-100807/LUFA/Drivers/USB/HighLevel/Events.o
 .debug_aranges
                0x00000230       0x20 LUFA-100807/LUFA/Drivers/USB/HighLevel/USBTask.o
 .debug_aranges
                0x00000250       0x90 LUFA-100807/LUFA/Drivers/USB/Class/Device/CDC.o
 .debug_aranges
                0x000002e0       0x38 LUFA-100807/LUFA/Drivers/USB/Class/Device/MIDI.o
 .debug_aranges
                0x00000318       0x20 /opt/homebrew/Cellar/avr-gcc@9/9.4.0_1/lib/avr-gcc/9/gcc/avr/9.4.0/avr35/libgcc.a(_udivmodsi4.o)
 .debug_aranges
                0x00000338       0x20 /opt/homebrew/Cellar/avr-gcc@9/9.4.0_1/lib/avr-gcc/9/gcc/avr/9.4.0/avr35/libgcc.a(_exit.o)
 .debug_aranges
                0x00000358       0x20 /opt/homebrew/Cellar/avr-gcc@9/9.4.0_1/lib/avr-gcc/9/gcc/avr/9.4.0/avr35/libgcc.a(_tablejump2.o)
 .debug_aranges
                0x00000378       0x20 /opt/homebrew/Cellar/avr-gcc@9/9.4.0_1/lib/avr-gcc/9/gcc/avr/9.4.0/avr35/libgcc.a(_copy_data.o)
 .debug_aranges
                0x00000398       0x20 /opt/homebrew/Cellar/avr-gcc@9/9.4.0_1/lib/avr-gcc/9/gcc/avr/9.4.0/avr35/libgcc.a(_clear_bss.o)

.debug_pubnames
 *(.debug_pubnames)

.debug_info     0x00000000     0x7550
 *(.debug_info .gnu.linkonce.wi.*)
 .debug_info    0x00000000      0x6ba /opt/homebrew/Cellar/avr-gcc@9/9.4.0_1/lib/avr-gcc/9/gcc/avr/9.4.0/../../../../../../avr/lib/avr35/crtatmega16u2.o
 .debug_info    0x000006ba     0x152d dualMoco.o
 .debug_info    0x00001be7      0xc6a Descriptors.o
 .debug_info    0x00002851     0x1cb8 LUFA-100807/LUFA/Drivers/USB/LowLevel/Endpoint.o
 .debug_info    0x00004509      0x375 LUFA-100807/LUFA/Drivers/USB/LowLevel/USBController.o
 .debug_info    0x0000487e      0x57f LUFA-100807/LUFA/Drivers/USB/LowLevel/USBInterrupt.o
 .debug_info    0x00004dfd      0xb65 LUFA-100807/LUFA/Drivers/USB/HighLevel/DeviceStandardReq.o
 .debug_info    0x00005962       0x79 LUFA-100807/LUFA/Drivers/USB/HighLevel/Events.o
 .debug_info    0x000059db      0x2b9 LUFA-100807/LUFA/Drivers/USB/HighLevel/USBTask.o
 .debug_info    0x00005c94     0x100b LUFA-100807/LUFA/Drivers/USB/Class/Device/CDC.o
 .debug_info    0x00006c9f      0x7f3 LUFA-100807/LUFA/Drivers/USB/Class/Device/MIDI.o
 .debug_info    0x00007492       0x26 /opt/homebrew/Cellar/avr-gcc@9/9.4.0_1/lib/avr-gcc/9/gcc/avr/9.4.0/avr35/libgcc.a(_udivmodsi4.o)
 .debug_info    0x000074b8       0x26 /opt/homebrew/Cellar/avr-gcc@9/9.4.0_1/lib/avr-gcc/9/gcc/avr/9.4.0/avr35/libgcc.a(_exit.o)
 .debug_info    0x000074de       0x26 /opt/homebrew/Cellar/avr-gcc@9/9.4.0_1/lib/avr-gcc/9/gcc/avr/9.4.0/avr35/libgcc.a(_tablejump2.o)
 .debug_info    0x00007504       0x26 /opt/homebrew/Cellar/avr-gcc@9/9.4.0_1/lib/avr-gcc/9/gcc/avr/9.4.0/avr35/libgcc.a(_copy_data.o)
 .debug_info    0x0000752a       0x26 /opt/homebrew/Cellar/avr-gcc@9/9.4.0_1/lib/avr-gcc/9/gcc/avr/9.4.0/avr35/libgcc.a(_clear_bss.o)

.debug_abbrev   0x00000000     0x1f9f
 *(.debug_abbrev)
 .debug_abbrev  0x00000000      0x65d /opt/homebrew/Cellar/avr-gcc@9/9.4.0_1/lib/avr-gcc/9/gcc/avr/9.4.0/../../../../../../avr/lib/avr35/crtatmega16u2.o
 .debug_abbrev  0x0000065d      0x4e6 dualMoco.o
 .debug_abbrev  0x00000b43      0x1ef Descriptors.o
 .debug_abbrev  0x00000d32      0x2b3 LUFA-100807/LUFA/Drivers/USB/LowLevel/Endpoint.o
 .debug_abbrev  0x00000fe5      0x166 LUFA-100807/LUFA/Drivers/USB/LowLevel/USBController.o
 .debug_abbrev  0x0000114b      0x249 LUFA-100807/LUFA/Drivers/USB/LowLevel/USBInterrupt.o
 .debug_abbrev  0x00001394      0x338 LUFA-100807/LUFA/Drivers/USB/HighLevel/DeviceStandardReq.o
 .debug_abbrev  0x000016cc       0x46 LUFA-100807/LUFA/Drivers/USB/HighLevel/Events.o
 .debug_abbrev  0x00001712      0x1a7 LUFA-100807/LUFA/Drivers/USB/HighLevel/USBTask.o
 .debug_abbrev  0x000018b9      0x419 LUFA-100807/LUFA/Drivers/USB/Class/Device/CDC.o
 .debug_abbrev  0x00001cd2      0x269 LUFA-100807/LUFA/Drivers/USB/Class/Device/MIDI.o
 .debug_abbrev  0x00001f3b       0x14 /opt/homebrew/Cellar/avr-gcc@9/9.4.0_1/lib/avr-gcc/9/gcc/avr/9.4.0/avr35/libgcc.a(_udivmodsi4.o)
 .debug_abbrev  0x00001f4f       0x14 /opt/homebrew/Cellar/avr-gcc@9/9.4.0_1/lib/avr-gcc/9/gcc/avr/9.4.0/avr35/libgcc.a(_exit.o)
 .debug_abbrev  0x00001f63       0x14 /opt/homebrew/Cellar/avr-gcc@9/9.4.0_1/lib/avr-gcc/9/gcc/avr/9.4.0/avr35/libgcc.a(_tablejump2.o)
 .debug_abbrev  0x00001f77       0x14 /opt/homebrew/Cellar/avr-gcc@9/9.4.0_1/lib/avr-gcc/9/gcc/avr/9.4.0/avr35/libgcc.a(_copy_data.o)
 .debug_abbrev  0x00001f8b       0x14 /opt/homebrew/Cellar/avr-gcc@9/9.4.0_1/lib/avr-gcc/9/gcc/avr/9.4.0/avr35/libgcc.a(_clear_bss.o)

.debug_line     0x00000000     0x82e3
 *(.debug_line .debug_line.* .debug_line_end)
 .debug_line    0x00000000       0x1d /opt/homebrew/Cellar/avr-gcc@9/9.4.0_1/lib/avr-gcc/9/gcc/avr/9.4.0/../../../../../../avr/lib/avr35/crtatmega16u2.o
 .debug_line    0x0000001d     0x193d dualMoco.o
 .debug_line    0x0000195a      0x450 Descriptors.o
 .debug_line    0x00001daa     0x320a LUFA-100807/LUFA/Drivers/USB/LowLevel/Endpoint.o
 .debug_line    0x00004fb4      0x4a5 LUFA-100807/LUFA/Drivers/USB/LowLevel/USBController.o
 .debug_line    0x00005459      0x705 LUFA-100807/LUFA/Drivers/USB/LowLevel/USBInterrupt.o
 .debug_line    0x00005b5e      0xcc0 LUFA-100807/LUFA/Drivers/USB/HighLevel/DeviceStandardReq.o
 .debug_line    0x0000681e       0x68 LUFA-100807/LUFA/Drivers/USB/HighLevel/Events.o
 .debug_line    0x00006886      0x25a LUFA-100807/LUFA/Drivers/USB/HighLevel/USBTask.o
 .debug_line    0x00006ae0      0xe75 LUFA-100807/LUFA/Drivers/USB/Class/Device/CDC.o
 .debug_line    0x00007955      0x686 LUFA-100807/LUFA/Drivers/USB/Class/Device/MIDI.o
 .debug_line    0x00007fdb      0x11e /opt/homebrew/Cellar/avr-gcc@9/9.4.0_1/lib/avr-gcc/9/gcc/avr/9.4.0/avr35/libgcc.a(_udivmodsi4.o)
 .debug_line    0x000080f9       0x5e /opt/homebrew/Cellar/avr-gcc@9/9.4.0_1/lib/avr-gcc/9/gcc/avr/9.4.0/avr35/libgcc.a(_exit.o)
 .debug_line    0x00008157       0x76 /opt/homebrew/Cellar/avr-gcc@9/9.4.0_1/lib/avr-gcc/9/gcc/avr/9.4.0/avr35/libgcc.a(_tablejump2.o)
 .debug_line    0x000081cd       0x94 /opt/homebrew/Cellar/avr-gcc@9/9.4.0_1/lib/avr-gcc/9/gcc/avr/9.4.0/avr35/libgcc.a(_copy_data.o)
 .debug_line    0x00008261       0x82 /opt/homebrew/Cellar/avr-gcc@9/9.4.0_1/lib/avr-gcc/9/gcc/avr/9.4.0/avr35/libgcc.a(_clear_bss.o)

.debug_frame    0x00000000      0x8e8
 *(.debug_frame)
 .debug_frame   0x00000000      0x168 dualMoco.o
 .debug_frame   0x00000168       0x24 Descriptors.o
 .debug_frame   0x0000018c      0x3c8 LUFA-100807/LUFA/Drivers/USB/LowLevel/Endpoint.o
 .debug_frame   0x00000554       0x44 LUFA-100807/LUFA/Drivers/USB/LowLevel/USBController.o
 .debug_frame   0x00000598       0xfc LUFA-100807/LUFA/Drivers/USB/LowLevel/USBInterrupt.o
 .debug_frame   0x00000694       0x3c LUFA-100807/LUFA/Drivers/USB/HighLevel/DeviceStandardReq.o
 .debug_frame   0x000006d0       0x24 LUFA-100807/LUFA/Drivers/USB/HighLevel/Events.o
 .debug_frame   0x000006f4       0x2c LUFA-100807/LUFA/Drivers/USB/HighLevel/USBTask.o
 .debug_frame   0x00000720      0x160 LUFA-100807/LUFA/Drivers/USB/Class/Device/CDC.o
 .debug_frame   0x00000880       0x68 LUFA-100807/LUFA/Drivers/USB/Class/Device/MIDI.o

.debug_str      0x00000000     0x24df
 *(.debug_str)
 .debug_str     0x00000000      0x262 /opt/homebrew/Cellar/avr-gcc@9/9.4.0_1/lib/avr-gcc/9/gcc/avr/9.4.0/../../../../../../avr/lib/avr35/crtatmega16u2.o
 .debug_str     0x00000262     0x227d dualMoco.o
                                0xb20 (size before relaxing)
 .debug_str     0x000024df      0xa5d Descriptors.o
 .debug_str     0x000024df      0xb10 LUFA-100807/LUFA/Drivers/USB/LowLevel/Endpoint.o
 .debug_str     0x000024df      0x408 LUFA-100807/LUFA/Drivers/USB/LowLevel/USBController.o
 .debug_str     0x000024df      0x561 LUFA-100807/LUFA/Drivers/USB/LowLevel/USBInterrupt.o
 .debug_str     0x000024df      0x905 LUFA-100807/LUFA/Drivers/USB/HighLevel/DeviceStandardReq.o
 .debug_str     0x000024df      0x1b7 LUFA-100807/LUFA/Drivers/USB/HighLevel/Events.o
 .debug_str     0x000024df      0x3b1 LUFA-100807/LUFA/Drivers/USB/HighLevel/USBTask.o
 .debug_str     0x000024df      0xa89 LUFA-100807/LUFA/Drivers/USB/Class/Device/CDC.o
 .debug_str     0x000024df      0x7db LUFA-100807/LUFA/Drivers/USB/Class/Device/MIDI.o
 .debug_str     0x000024df       0x83 /opt/homebrew/Cellar/avr-gcc@9/9.4.0_1/lib/avr-gcc/9/gcc/avr/9.4.0/avr35/libgcc.a(_udivmodsi4.o)
 .debug_str     0x000024df       0x83 /opt/homebrew/Cellar/avr-gcc@9/9.4.0_1/lib/avr-gcc/9/gcc/avr/9.4.0/avr35/libgcc.a(_exit.o)
 .debug_str     0x000024df       0x83 /opt/homebrew/Cellar/avr-gcc@9/9.4.0_1/lib/avr-gcc/9/gcc/avr/9.4.0/avr35/libgcc.a(_tablejump2.o)
 .debug_str     0x000024df       0x83 /opt/homebrew/Cellar/avr-gcc@9/9.4.0_1/lib/avr-gcc/9/gcc/avr/9.4.0/avr35/libgcc.a(_copy_data.o)
 .debug_str     0x000024df       0x83 /opt/homebrew/Cellar/avr-gcc@9/9.4.0_1/lib/avr-gcc/9/gcc/avr/9.4.0/avr35/libgcc.a(_clear_bss.o)

.debug_loc      0x00000000     0x45a6
 *(.debug_loc)
 .debug_loc     0x00000000      0x99e dualMoco.o
 .debug_loc     0x0000099e      0x504 Descriptors.o
 .debug_loc     0x00000ea2     0x23be LUFA-100807/LUFA/Drivers/USB/LowLevel/Endpoint.o
 .debug_loc     0x00003260       0x15 LUFA-100807/LUFA/Drivers/USB/LowLevel/USBController.o
 .debug_loc     0x00003275      0x2bb LUFA-100807/LUFA/Drivers/USB/LowLevel/USBInterrupt.o
 .debug_loc     0x00003530      0x38e LUFA-100807/LUFA/Drivers/USB/HighLevel/DeviceStandardReq.o
 .debug_loc     0x000038be       0x62 LUFA-100807/LUFA/Drivers/USB/HighLevel/USBTask.o
 .debug_loc     0x00003920      0x8c6 LUFA-100807/LUFA/Drivers/USB/Class/Device/CDC.o
 .debug_loc     0x000041e6      0x3c0 LUFA-100807/LUFA/Drivers/USB/Class/Device/MIDI.o

.debug_macinfo
 *(.debug_macinfo)

.debug_weaknames
 *(.debug_weaknames)

.debug_funcnames
 *(.debug_funcnames)

.debug_typenames
 *(.debug_typenames)

.debug_varnames
 *(.debug_varnames)

.debug_pubtypes
 *(.debug_pubtypes)

.debug_ranges   0x00000000      0x5b0
 *(.debug_ranges)
 .debug_ranges  0x00000000      0x1d8 dualMoco.o
 .debug_ranges  0x000001d8       0x10 Descriptors.o
 .debug_ranges  0x000001e8      0x180 LUFA-100807/LUFA/Drivers/USB/LowLevel/Endpoint.o
 .debug_ranges  0x00000368       0x20 LUFA-100807/LUFA/Drivers/USB/LowLevel/USBController.o
 .debug_ranges  0x00000388       0x40 LUFA-100807/LUFA/Drivers/USB/LowLevel/USBInterrupt.o
 .debug_ranges  0x000003c8       0xd8 LUFA-100807/LUFA/Drivers/USB/HighLevel/DeviceStandardReq.o
 .debug_ranges  0x000004a0       0x10 LUFA-100807/LUFA/Drivers/USB/HighLevel/Events.o
 .debug_ranges  0x000004b0       0x10 LUFA-100807/LUFA/Drivers/USB/HighLevel/USBTask.o
 .debug_ranges  0x000004c0       0xb0 LUFA-100807/LUFA/Drivers/USB/Class/Device/CDC.o
 .debug_ranges  0x00000570       0x40 LUFA-100807/LUFA/Drivers/USB/Class/Device/MIDI.o

.debug_addr
 *(.debug_addr)

.debug_line_str
 *(.debug_line_str)

.debug_loclists
 *(.debug_loclists)

.debug_macro
 *(.debug_macro)

.debug_names
 *(.debug_names)

.debug_rnglists
 *(.debug_rnglists)

.debug_str_offsets
 *(.debug_str_offsets)

.debug_sup
 *(.debug_sup)
OUTPUT(dualMoco.elf elf32-avr)
LOAD linker stubs

Cross Reference Table

Symbol                                            File
Audio_Device_ConfigureEndpoints                   LUFA-100807/LUFA/Drivers/USB/Class/Device/Audio.o
Audio_Device_ProcessControlRequest                LUFA-100807/LUFA/Drivers/USB/Class/Device/Audio.o
CALLBACK_HID_Device_CreateHIDReport               LUFA-100807/LUFA/Drivers/USB/Class/Device/HID.o
CALLBACK_HID_Device_ProcessHIDReport              LUFA-100807/LUFA/Drivers/USB/Class/Device/HID.o
CALLBACK_MS_Device_SCSICommandReceived            LUFA-100807/LUFA/Drivers/USB/Class/Device/MassStorage.o
CALLBACK_USB_GetDescriptor                        Descriptors.o
                                                  LUFA-100807/LUFA/Drivers/USB/HighLevel/DeviceStandardReq.o
CDC_Device_BytesReceived                          LUFA-100807/LUFA/Drivers/USB/Class/Device/CDC.o
CDC_Device_ConfigureEndpoints                     LUFA-100807/LUFA/Drivers/USB/Class/Device/CDC.o
                                                  dualMoco.o
CDC_Device_CreateBlockingStream                   LUFA-100807/LUFA/Drivers/USB/Class/Device/CDC.o
CDC_Device_CreateStream                           LUFA-100807/LUFA/Drivers/USB/Class/Device/CDC.o
CDC_Device_Event_Stub                             LUFA-100807/LUFA/Drivers/USB/Class/Device/CDC.o
CDC_Device_Flush                                  LUFA-100807/LUFA/Drivers/USB/Class/Device/CDC.o
CDC_Device_ProcessControlRequest                  LUFA-100807/LUFA/Drivers/USB/Class/Device/CDC.o
                                                  dualMoco.o
CDC_Device_ReceiveByte                            LUFA-100807/LUFA/Drivers/USB/Class/Device/CDC.o
                                                  dualMoco.o
CDC_Device_SendByte                               LUFA-100807/LUFA/Drivers/USB/Class/Device/CDC.o
                                                  dualMoco.o
CDC_Device_SendControlLineStateChange             LUFA-100807/LUFA/Drivers/USB/Class/Device/CDC.o
CDC_Device_SendString                             LUFA-100807/LUFA/Drivers/USB/Class/Device/CDC.o
CDC_Device_USBTask                                LUFA-100807/LUFA/Drivers/USB/Class/Device/CDC.o
                                                  dualMoco.o
ConfigurationDescriptorMIDI                       Descriptors.o
ConfigurationDescriptorSerial                     Descriptors.o
DeviceDescriptorMIDI                              Descriptors.o
DeviceDescriptorSerial                            Descriptors.o
EVENT_CDC_Device_BreakSent                        LUFA-100807/LUFA/Drivers/USB/Class/Device/CDC.o
EVENT_CDC_Device_ControLineStateChanged           dualMoco.o
EVENT_CDC_Device_LineEncodingChanged              dualMoco.o
EVENT_USB_Device_ConfigurationChanged             dualMoco.o
                                                  LUFA-100807/LUFA/Drivers/USB/HighLevel/DeviceStandardReq.o
EVENT_USB_Device_Connect                          dualMoco.o
                                                  LUFA-100807/LUFA/Drivers/USB/LowLevel/USBInterrupt.o
EVENT_USB_Device_ControlRequest                   dualMoco.o
EVENT_USB_Device_Disconnect                       dualMoco.o
                                                  LUFA-100807/LUFA/Drivers/USB/LowLevel/USBInterrupt.o
EVENT_USB_Device_Reset                            LUFA-100807/LUFA/Drivers/USB/HighLevel/Events.o
                                                  LUFA-100807/LUFA/Drivers/USB/LowLevel/USBInterrupt.o
EVENT_USB_Device_StartOfFrame                     LUFA-100807/LUFA/Drivers/USB/HighLevel/Events.o
                                                  LUFA-100807/LUFA/Drivers/USB/LowLevel/USBInterrupt.o
EVENT_USB_Device_Suspend                          LUFA-100807/LUFA/Drivers/USB/HighLevel/Events.o
EVENT_USB_Device_UnhandledControlRequest          dualMoco.o
                                                  LUFA-100807/LUFA/Drivers/USB/HighLevel/DeviceStandardReq.o
EVENT_USB_Device_WakeUp                           LUFA-100807/LUFA/Drivers/USB/HighLevel/Events.o
Endpoint_BytesToEPSizeMaskDynamic                 LUFA-100807/LUFA/Drivers/USB/LowLevel/Endpoint.o
                                                  LUFA-100807/LUFA/Drivers/USB/Class/Device/RNDIS.o
                                                  LUFA-100807/LUFA/Drivers/USB/Class/Device/MIDI.o
                                                  LUFA-100807/LUFA/Drivers/USB/Class/Device/MassStorage.o
                                                  LUFA-100807/LUFA/Drivers/USB/Class/Device/HID.o
                                                  LUFA-100807/LUFA/Drivers/USB/Class/Device/CDC.o
                                                  LUFA-100807/LUFA/Drivers/USB/Class/Device/Audio.o
Endpoint_ClearEndpoints                           LUFA-100807/LUFA/Drivers/USB/LowLevel/Endpoint.o
                                                  LUFA-100807/LUFA/Drivers/USB/LowLevel/USBInterrupt.o
Endpoint_ClearStatusStage                         LUFA-100807/LUFA/Drivers/USB/LowLevel/Endpoint.o
                                                  LUFA-100807/LUFA/Drivers/USB/Class/Device/MassStorage.o
                                                  LUFA-100807/LUFA/Drivers/USB/Class/Device/HID.o
                                                  LUFA-100807/LUFA/Drivers/USB/Class/Device/CDC.o
                                                  LUFA-100807/LUFA/Drivers/USB/Class/Device/Audio.o
                                                  LUFA-100807/LUFA/Drivers/USB/HighLevel/DeviceStandardReq.o
Endpoint_ConfigureEndpoint_Prv                    LUFA-100807/LUFA/Drivers/USB/LowLevel/Endpoint.o
                                                  LUFA-100807/LUFA/Drivers/USB/Class/Device/RNDIS.o
                                                  LUFA-100807/LUFA/Drivers/USB/Class/Device/MIDI.o
                                                  LUFA-100807/LUFA/Drivers/USB/Class/Device/MassStorage.o
                                                  LUFA-100807/LUFA/Drivers/USB/Class/Device/HID.o
                                                  LUFA-100807/LUFA/Drivers/USB/Class/Device/CDC.o
                                                  LUFA-100807/LUFA/Drivers/USB/Class/Device/Audio.o
                                                  LUFA-100807/LUFA/Drivers/USB/LowLevel/USBInterrupt.o
Endpoint_Discard_Stream                           LUFA-100807/LUFA/Drivers/USB/LowLevel/Endpoint.o
Endpoint_Read_Control_EStream_BE                  LUFA-100807/LUFA/Drivers/USB/LowLevel/Endpoint.o
Endpoint_Read_Control_EStream_LE                  LUFA-100807/LUFA/Drivers/USB/LowLevel/Endpoint.o
Endpoint_Read_Control_Stream_BE                   LUFA-100807/LUFA/Drivers/USB/LowLevel/Endpoint.o
Endpoint_Read_Control_Stream_LE                   LUFA-100807/LUFA/Drivers/USB/LowLevel/Endpoint.o
                                                  LUFA-100807/LUFA/Drivers/USB/Class/Device/RNDIS.o
                                                  LUFA-100807/LUFA/Drivers/USB/Class/Device/HID.o
                                                  LUFA-100807/LUFA/Drivers/USB/Class/Device/CDC.o
Endpoint_Read_EStream_BE                          LUFA-100807/LUFA/Drivers/USB/LowLevel/Endpoint.o
Endpoint_Read_EStream_LE                          LUFA-100807/LUFA/Drivers/USB/LowLevel/Endpoint.o
Endpoint_Read_Stream_BE                           LUFA-100807/LUFA/Drivers/USB/LowLevel/Endpoint.o
Endpoint_Read_Stream_LE                           LUFA-100807/LUFA/Drivers/USB/LowLevel/Endpoint.o
                                                  LUFA-100807/LUFA/Drivers/USB/Class/Device/RNDIS.o
                                                  LUFA-100807/LUFA/Drivers/USB/Class/Device/MIDI.o
                                                  LUFA-100807/LUFA/Drivers/USB/Class/Device/MassStorage.o
Endpoint_WaitUntilReady                           LUFA-100807/LUFA/Drivers/USB/LowLevel/Endpoint.o
                                                  LUFA-100807/LUFA/Drivers/USB/Class/Device/MIDI.o
                                                  LUFA-100807/LUFA/Drivers/USB/Class/Device/CDC.o
Endpoint_Write_Control_EStream_BE                 LUFA-100807/LUFA/Drivers/USB/LowLevel/Endpoint.o
Endpoint_Write_Control_EStream_LE                 LUFA-100807/LUFA/Drivers/USB/LowLevel/Endpoint.o
Endpoint_Write_Control_PStream_BE                 LUFA-100807/LUFA/Drivers/USB/LowLevel/Endpoint.o
Endpoint_Write_Control_PStream_LE                 LUFA-100807/LUFA/Drivers/USB/LowLevel/Endpoint.o
                                                  LUFA-100807/LUFA/Drivers/USB/HighLevel/DeviceStandardReq.o
Endpoint_Write_Control_Stream_BE                  LUFA-100807/LUFA/Drivers/USB/LowLevel/Endpoint.o
Endpoint_Write_Control_Stream_LE                  LUFA-100807/LUFA/Drivers/USB/LowLevel/Endpoint.o
                                                  LUFA-100807/LUFA/Drivers/USB/Class/Device/RNDIS.o
                                                  LUFA-100807/LUFA/Drivers/USB/Class/Device/HID.o
                                                  LUFA-100807/LUFA/Drivers/USB/Class/Device/CDC.o
                                                  LUFA-100807/LUFA/Drivers/USB/HighLevel/DeviceStandardReq.o
Endpoint_Write_EStream_BE                         LUFA-100807/LUFA/Drivers/USB/LowLevel/Endpoint.o
Endpoint_Write_EStream_LE                         LUFA-100807/LUFA/Drivers/USB/LowLevel/Endpoint.o
Endpoint_Write_PStream_BE                         LUFA-100807/LUFA/Drivers/USB/LowLevel/Endpoint.o
Endpoint_Write_PStream_LE                         LUFA-100807/LUFA/Drivers/USB/LowLevel/Endpoint.o
Endpoint_Write_Stream_BE                          LUFA-100807/LUFA/Drivers/USB/LowLevel/Endpoint.o
Endpoint_Write_Stream_LE                          LUFA-100807/LUFA/Drivers/USB/LowLevel/Endpoint.o
                                                  LUFA-100807/LUFA/Drivers/USB/Class/Device/RNDIS.o
                                                  LUFA-100807/LUFA/Drivers/USB/Class/Device/MIDI.o
                                                  LUFA-100807/LUFA/Drivers/USB/Class/Device/MassStorage.o
                                                  LUFA-100807/LUFA/Drivers/USB/Class/Device/HID.o
                                                  LUFA-100807/LUFA/Drivers/USB/Class/Device/CDC.o
HID_Device_ConfigureEndpoints                     LUFA-100807/LUFA/Drivers/USB/Class/Device/HID.o
HID_Device_ProcessControlRequest                  LUFA-100807/LUFA/Drivers/USB/Class/Device/HID.o
HID_Device_USBTask                                LUFA-100807/LUFA/Drivers/USB/Class/Device/HID.o
Keyboard_MIDI_Interface                           dualMoco.o
LanguageString                                    Descriptors.o
MIDI_Device_ConfigureEndpoints                    LUFA-100807/LUFA/Drivers/USB/Class/Device/MIDI.o
                                                  dualMoco.o
MIDI_Device_Flush                                 LUFA-100807/LUFA/Drivers/USB/Class/Device/MIDI.o
                                                  dualMoco.o
MIDI_Device_ReceiveEventPacket                    LUFA-100807/LUFA/Drivers/USB/Class/Device/MIDI.o
                                                  dualMoco.o
MIDI_Device_SendEventPacket                       LUFA-100807/LUFA/Drivers/USB/Class/Device/MIDI.o
                                                  dualMoco.o
MS_Device_ConfigureEndpoints                      LUFA-100807/LUFA/Drivers/USB/Class/Device/MassStorage.o
MS_Device_ProcessControlRequest                   LUFA-100807/LUFA/Drivers/USB/Class/Device/MassStorage.o
MS_Device_USBTask                                 LUFA-100807/LUFA/Drivers/USB/Class/Device/MassStorage.o
ManufacturerStringMIDI                            Descriptors.o
ManufacturerStringSerial                          Descriptors.o
ProductStringMIDI                                 Descriptors.o
ProductStringSerial                               Descriptors.o
PulseMSRemaining                                  dualMoco.o
RNDIS_Device_ConfigureEndpoints                   LUFA-100807/LUFA/Drivers/USB/Class/Device/RNDIS.o
RNDIS_Device_ProcessControlRequest                LUFA-100807/LUFA/Drivers/USB/Class/Device/RNDIS.o
RNDIS_Device_USBTask                              LUFA-100807/LUFA/Drivers/USB/Class/Device/RNDIS.o
SetupHardware                                     dualMoco.o
USARTtoUSB_Buffer                                 dualMoco.o
USB_ConfigurationNumber                           LUFA-100807/LUFA/Drivers/USB/HighLevel/DeviceStandardReq.o
                                                  LUFA-100807/LUFA/Drivers/USB/LowLevel/USBInterrupt.o
                                                  LUFA-100807/LUFA/Drivers/USB/LowLevel/USBController.o
USB_ControlRequest                                LUFA-100807/LUFA/Drivers/USB/HighLevel/USBTask.o
                                                  LUFA-100807/LUFA/Drivers/USB/Class/Device/RNDIS.o
                                                  LUFA-100807/LUFA/Drivers/USB/Class/Device/MassStorage.o
                                                  LUFA-100807/LUFA/Drivers/USB/Class/Device/HID.o
                                                  LUFA-100807/LUFA/Drivers/USB/Class/Device/CDC.o
                                                  LUFA-100807/LUFA/Drivers/USB/Class/Device/Audio.o
                                                  LUFA-100807/LUFA/Drivers/USB/HighLevel/DeviceStandardReq.o
                                                  LUFA-100807/LUFA/Drivers/USB/LowLevel/Endpoint.o
USB_CurrentlySelfPowered                          LUFA-100807/LUFA/Drivers/USB/HighLevel/DeviceStandardReq.o
                                                  LUFA-100807/LUFA/Drivers/USB/LowLevel/USBController.o
USB_Device_ProcessControlRequest                  LUFA-100807/LUFA/Drivers/USB/HighLevel/DeviceStandardReq.o
                                                  LUFA-100807/LUFA/Drivers/USB/HighLevel/USBTask.o
                                                  LUFA-100807/LUFA/Drivers/USB/LowLevel/USBInterrupt.o
USB_Device_SendRemoteWakeup                       LUFA-100807/LUFA/Drivers/USB/LowLevel/Device.o
USB_Event_Stub                                    LUFA-100807/LUFA/Drivers/USB/HighLevel/Events.o
USB_GetNextDescriptorComp                         LUFA-100807/LUFA/Drivers/USB/HighLevel/ConfigDescriptor.o
USB_GetNextDescriptorOfType                       LUFA-100807/LUFA/Drivers/USB/HighLevel/ConfigDescriptor.o
USB_GetNextDescriptorOfTypeAfter                  LUFA-100807/LUFA/Drivers/USB/HighLevel/ConfigDescriptor.o
USB_GetNextDescriptorOfTypeBefore                 LUFA-100807/LUFA/Drivers/USB/HighLevel/ConfigDescriptor.o
USB_INT_ClearAllInterrupts                        LUFA-100807/LUFA/Drivers/USB/LowLevel/USBInterrupt.o
                                                  LUFA-100807/LUFA/Drivers/USB/LowLevel/USBController.o
USB_INT_DisableAllInterrupts                      LUFA-100807/LUFA/Drivers/USB/LowLevel/USBInterrupt.o
                                                  LUFA-100807/LUFA/Drivers/USB/LowLevel/USBController.o
USB_Init                                          LUFA-100807/LUFA/Drivers/USB/LowLevel/USBController.o
                                                  dualMoco.o
USB_IsInitialized                                 LUFA-100807/LUFA/Drivers/USB/HighLevel/USBTask.o
                                                  LUFA-100807/LUFA/Drivers/USB/LowLevel/USBController.o
USB_RemoteWakeupEnabled                           LUFA-100807/LUFA/Drivers/USB/HighLevel/DeviceStandardReq.o
                                                  LUFA-100807/LUFA/Drivers/USB/LowLevel/USBController.o
USB_ResetInterface                                LUFA-100807/LUFA/Drivers/USB/LowLevel/USBController.o
USB_ShutDown                                      LUFA-100807/LUFA/Drivers/USB/LowLevel/USBController.o
USB_USBTask                                       LUFA-100807/LUFA/Drivers/USB/HighLevel/USBTask.o
                                                  LUFA-100807/LUFA/Drivers/USB/Class/Device/CDC.o
                                                  dualMoco.o
USBtoUSART_Buffer                                 dualMoco.o
VirtualSerial_CDC_Interface                       dualMoco.o
__FUSE_REGION_LENGTH__                            /opt/homebrew/Cellar/avr-gcc@9/9.4.0_1/lib/avr-gcc/9/gcc/avr/9.4.0/../../../../../../avr/lib/avr35/crtatmega16u2.o
__bad_interrupt                                   /opt/homebrew/Cellar/avr-gcc@9/9.4.0_1/lib/avr-gcc/9/gcc/avr/9.4.0/../../../../../../avr/lib/avr35/crtatmega16u2.o
__bss_end                                         /opt/homebrew/Cellar/avr-gcc@9/9.4.0_1/lib/avr-gcc/9/gcc/avr/9.4.0/avr35/libgcc.a(_clear_bss.o)
__bss_start                                       /opt/homebrew/Cellar/avr-gcc@9/9.4.0_1/lib/avr-gcc/9/gcc/avr/9.4.0/avr35/libgcc.a(_clear_bss.o)
__data_end                                        /opt/homebrew/Cellar/avr-gcc@9/9.4.0_1/lib/avr-gcc/9/gcc/avr/9.4.0/avr35/libgcc.a(_copy_data.o)
__data_load_start                                 /opt/homebrew/Cellar/avr-gcc@9/9.4.0_1/lib/avr-gcc/9/gcc/avr/9.4.0/avr35/libgcc.a(_copy_data.o)
__data_start                                      /opt/homebrew/Cellar/avr-gcc@9/9.4.0_1/lib/avr-gcc/9/gcc/avr/9.4.0/avr35/libgcc.a(_copy_data.o)
__do_clear_bss                                    /opt/homebrew/Cellar/avr-gcc@9/9.4.0_1/lib/avr-gcc/9/gcc/avr/9.4.0/avr35/libgcc.a(_clear_bss.o)
                                                  LUFA-100807/LUFA/Drivers/USB/Class/Device/MassStorage.o
                                                  LUFA-100807/LUFA/Drivers/USB/HighLevel/USBTask.o
                                                  LUFA-100807/LUFA/Drivers/USB/HighLevel/DeviceStandardReq.o
                                                  dualMoco.o
__do_copy_data                                    /opt/homebrew/Cellar/avr-gcc@9/9.4.0_1/lib/avr-gcc/9/gcc/avr/9.4.0/avr35/libgcc.a(_copy_data.o)
                                                  LUFA-100807/LUFA/Drivers/USB/Class/Device/RNDIS.o
                                                  LUFA-100807/LUFA/Drivers/USB/Class/Device/CDC.o
                                                  dualMoco.o
__heap_end                                        /opt/homebrew/Cellar/avr-gcc@9/9.4.0_1/lib/avr-gcc/9/gcc/avr/9.4.0/../../../../../../avr/lib/avr35/crtatmega16u2.o
__init                                            /opt/homebrew/Cellar/avr-gcc@9/9.4.0_1/lib/avr-gcc/9/gcc/avr/9.4.0/../../../../../../avr/lib/avr35/crtatmega16u2.o
__stack                                           /opt/homebrew/Cellar/avr-gcc@9/9.4.0_1/lib/avr-gcc/9/gcc/avr/9.4.0/../../../../../../avr/lib/avr35/crtatmega16u2.o
__tablejump2__                                    /opt/homebrew/Cellar/avr-gcc@9/9.4.0_1/lib/avr-gcc/9/gcc/avr/9.4.0/avr35/libgcc.a(_tablejump2.o)
                                                  LUFA-100807/LUFA/Drivers/USB/Class/Device/RNDIS.o
                                                  LUFA-100807/LUFA/Drivers/USB/HighLevel/DeviceStandardReq.o
__udivmodsi4                                      /opt/homebrew/Cellar/avr-gcc@9/9.4.0_1/lib/avr-gcc/9/gcc/avr/9.4.0/avr35/libgcc.a(_udivmodsi4.o)
                                                  dualMoco.o
__vector_1                                        /opt/homebrew/Cellar/avr-gcc@9/9.4.0_1/lib/avr-gcc/9/gcc/avr/9.4.0/../../../../../../avr/lib/avr35/crtatmega16u2.o
__vector_10                                       /opt/homebrew/Cellar/avr-gcc@9/9.4.0_1/lib/avr-gcc/9/gcc/avr/9.4.0/../../../../../../avr/lib/avr35/crtatmega16u2.o
__vector_11                                       LUFA-100807/LUFA/Drivers/USB/LowLevel/USBInterrupt.o
                                                  /opt/homebrew/Cellar/avr-gcc@9/9.4.0_1/lib/avr-gcc/9/gcc/avr/9.4.0/../../../../../../avr/lib/avr35/crtatmega16u2.o
__vector_12                                       LUFA-100807/LUFA/Drivers/USB/LowLevel/USBInterrupt.o
                                                  /opt/homebrew/Cellar/avr-gcc@9/9.4.0_1/lib/avr-gcc/9/gcc/avr/9.4.0/../../../../../../avr/lib/avr35/crtatmega16u2.o
__vector_13                                       /opt/homebrew/Cellar/avr-gcc@9/9.4.0_1/lib/avr-gcc/9/gcc/avr/9.4.0/../../../../../../avr/lib/avr35/crtatmega16u2.o
__vector_14                                       /opt/homebrew/Cellar/avr-gcc@9/9.4.0_1/lib/avr-gcc/9/gcc/avr/9.4.0/../../../../../../avr/lib/avr35/crtatmega16u2.o
__vector_15                                       /opt/homebrew/Cellar/avr-gcc@9/9.4.0_1/lib/avr-gcc/9/gcc/avr/9.4.0/../../../../../../avr/lib/avr35/crtatmega16u2.o
__vector_16                                       /opt/homebrew/Cellar/avr-gcc@9/9.4.0_1/lib/avr-gcc/9/gcc/avr/9.4.0/../../../../../../avr/lib/avr35/crtatmega16u2.o
__vector_17                                       /opt/homebrew/Cellar/avr-gcc@9/9.4.0_1/lib/avr-gcc/9/gcc/avr/9.4.0/../../../../../../avr/lib/avr35/crtatmega16u2.o
__vector_18                                       /opt/homebrew/Cellar/avr-gcc@9/9.4.0_1/lib/avr-gcc/9/gcc/avr/9.4.0/../../../../../../avr/lib/avr35/crtatmega16u2.o
__vector_19                                       /opt/homebrew/Cellar/avr-gcc@9/9.4.0_1/lib/avr-gcc/9/gcc/avr/9.4.0/../../../../../../avr/lib/avr35/crtatmega16u2.o
__vector_2                                        /opt/homebrew/Cellar/avr-gcc@9/9.4.0_1/lib/avr-gcc/9/gcc/avr/9.4.0/../../../../../../avr/lib/avr35/crtatmega16u2.o
__vector_20                                       /opt/homebrew/Cellar/avr-gcc@9/9.4.0_1/lib/avr-gcc/9/gcc/avr/9.4.0/../../../../../../avr/lib/avr35/crtatmega16u2.o
__vector_21                                       /opt/homebrew/Cellar/avr-gcc@9/9.4.0_1/lib/avr-gcc/9/gcc/avr/9.4.0/../../../../../../avr/lib/avr35/crtatmega16u2.o
__vector_22                                       /opt/homebrew/Cellar/avr-gcc@9/9.4.0_1/lib/avr-gcc/9/gcc/avr/9.4.0/../../../../../../avr/lib/avr35/crtatmega16u2.o
__vector_23                                       dualMoco.o
                                                  /opt/homebrew/Cellar/avr-gcc@9/9.4.0_1/lib/avr-gcc/9/gcc/avr/9.4.0/../../../../../../avr/lib/avr35/crtatmega16u2.o
__vector_24                                       /opt/homebrew/Cellar/avr-gcc@9/9.4.0_1/lib/avr-gcc/9/gcc/avr/9.4.0/../../../../../../avr/lib/avr35/crtatmega16u2.o
__vector_25                                       /opt/homebrew/Cellar/avr-gcc@9/9.4.0_1/lib/avr-gcc/9/gcc/avr/9.4.0/../../../../../../avr/lib/avr35/crtatmega16u2.o
__vector_26                                       /opt/homebrew/Cellar/avr-gcc@9/9.4.0_1/lib/avr-gcc/9/gcc/avr/9.4.0/../../../../../../avr/lib/avr35/crtatmega16u2.o
__vector_27                                       /opt/homebrew/Cellar/avr-gcc@9/9.4.0_1/lib/avr-gcc/9/gcc/avr/9.4.0/../../../../../../avr/lib/avr35/crtatmega16u2.o
__vector_28                                       /opt/homebrew/Cellar/avr-gcc@9/9.4.0_1/lib/avr-gcc/9/gcc/avr/9.4.0/../../../../../../avr/lib/avr35/crtatmega16u2.o
__vector_3                                        /opt/homebrew/Cellar/avr-gcc@9/9.4.0_1/lib/avr-gcc/9/gcc/avr/9.4.0/../../../../../../avr/lib/avr35/crtatmega16u2.o
__vector_4                                        /opt/homebrew/Cellar/avr-gcc@9/9.4.0_1/lib/avr-gcc/9/gcc/avr/9.4.0/../../../../../../avr/lib/avr35/crtatmega16u2.o
__vector_5                                        /opt/homebrew/Cellar/avr-gcc@9/9.4.0_1/lib/avr-gcc/9/gcc/avr/9.4.0/../../../../../../avr/lib/avr35/crtatmega16u2.o
__vector_6                                        /opt/homebrew/Cellar/avr-gcc@9/9.4.0_1/lib/avr-gcc/9/gcc/avr/9.4.0/../../../../../../avr/lib/avr35/crtatmega16u2.o
__vector_7                                        /opt/homebrew/Cellar/avr-gcc@9/9.4.0_1/lib/avr-gcc/9/gcc/avr/9.4.0/../../../../../../avr/lib/avr35/crtatmega16u2.o
__vector_8                                        /opt/homebrew/Cellar/avr-gcc@9/9.4.0_1/lib/avr-gcc/9/gcc/avr/9.4.0/../../../../../../avr/lib/avr35/crtatmega16u2.o
__vector_9                                        /opt/homebrew/Cellar/avr-gcc@9/9.4.0_1/lib/avr-gcc/9/gcc/avr/9.4.0/../../../../../../avr/lib/avr35/crtatmega16u2.o
__vector_default                                  /opt/homebrew/Cellar/avr-gcc@9/9.4.0_1/lib/avr-gcc/9/gcc/avr/9.4.0/../../../../../../avr/lib/avr35/crtatmega16u2.o
__vectors                                         /opt/homebrew/Cellar/avr-gcc@9/9.4.0_1/lib/avr-gcc/9/gcc/avr/9.4.0/../../../../../../avr/lib/avr35/crtatmega16u2.o
_exit                                             /opt/homebrew/Cellar/avr-gcc@9/9.4.0_1/lib/avr-gcc/9/gcc/avr/9.4.0/avr35/libgcc.a(_exit.o)
eeprom_read_byte                                  /opt/homebrew/Cellar/avr-gcc@9/9.4.0_1/lib/avr-gcc/9/gcc/avr/9.4.0/../../../../../../avr/lib/avr35/libatmega16u2.a(eerd_byte.o)
                                                  LUFA-100807/LUFA/Drivers/USB/LowLevel/Endpoint.o
eeprom_update_byte                                /opt/homebrew/Cellar/avr-gcc@9/9.4.0_1/lib/avr-gcc/9/gcc/avr/9.4.0/../../../../../../avr/lib/avr35/libatmega16u2.a(eeupd_byte.o)
                                                  LUFA-100807/LUFA/Drivers/USB/LowLevel/Endpoint.o
eeprom_update_r18                                 /opt/homebrew/Cellar/avr-gcc@9/9.4.0_1/lib/avr-gcc/9/gcc/avr/9.4.0/../../../../../../avr/lib/avr35/libatmega16u2.a(eeupd_byte.o)
exit                                              /opt/homebrew/Cellar/avr-gcc@9/9.4.0_1/lib/avr-gcc/9/gcc/avr/9.4.0/avr35/libgcc.a(_exit.o)
                                                  /opt/homebrew/Cellar/avr-gcc@9/9.4.0_1/lib/avr-gcc/9/gcc/avr/9.4.0/../../../../../../avr/lib/avr35/crtatmega16u2.o
highSpeed                                         dualMoco.o
main                                              dualMoco.o
                                                  /opt/homebrew/Cellar/avr-gcc@9/9.4.0_1/lib/avr-gcc/9/gcc/avr/9.4.0/../../../../../../avr/lib/avr35/crtatmega16u2.o
memcmp                                            /opt/homebrew/Cellar/avr-gcc@9/9.4.0_1/lib/avr-gcc/9/gcc/avr/9.4.0/../../../../../../avr/lib/avr35/libc.a(memcmp.o)
                                                  LUFA-100807/LUFA/Drivers/USB/Class/Device/HID.o
memcpy                                            /opt/homebrew/Cellar/avr-gcc@9/9.4.0_1/lib/avr-gcc/9/gcc/avr/9.4.0/../../../../../../avr/lib/avr35/libc.a(memcpy.o)
                                                  LUFA-100807/LUFA/Drivers/USB/Class/Device/RNDIS.o
                                                  LUFA-100807/LUFA/Drivers/USB/Class/Device/HID.o
memcpy_P                                          /opt/homebrew/Cellar/avr-gcc@9/9.4.0_1/lib/avr-gcc/9/gcc/avr/9.4.0/../../../../../../avr/lib/avr35/libc.a(memcpy_P.o)
                                                  LUFA-100807/LUFA/Drivers/USB/Class/Device/RNDIS.o
memset                                            /opt/homebrew/Cellar/avr-gcc@9/9.4.0_1/lib/avr-gcc/9/gcc/avr/9.4.0/../../../../../../avr/lib/avr35/libc.a(memset.o)
                                                  LUFA-100807/LUFA/Drivers/USB/Class/Device/HID.o
mocoMode                                          dualMoco.o
                                                  Descriptors.o
parseSerialMidiMessage                            dualMoco.o
parseUSBMidiMessage                               dualMoco.o
processMIDI                                       dualMoco.o
processSerial                                     dualMoco.o
